Archive member included to satisfy reference by file (symbol)

c:/st/stm32cubeide_1.1.0/stm32cubeide/plugins/com.st.stm32cube.ide.mcu.externaltools.gnu-tools-for-stm32.7-2018-q2-update.win32_1.0.0.201904181610/tools/bin/../lib/gcc/arm-none-eabi/7.3.1/../../../../arm-none-eabi/lib/thumb/v6-m\libc_nano.a(lib_a-errno.o)
                              Core/Src/syscalls.o (__errno)
c:/st/stm32cubeide_1.1.0/stm32cubeide/plugins/com.st.stm32cube.ide.mcu.externaltools.gnu-tools-for-stm32.7-2018-q2-update.win32_1.0.0.201904181610/tools/bin/../lib/gcc/arm-none-eabi/7.3.1/../../../../arm-none-eabi/lib/thumb/v6-m\libc_nano.a(lib_a-exit.o)
                              c:/st/stm32cubeide_1.1.0/stm32cubeide/plugins/com.st.stm32cube.ide.mcu.externaltools.gnu-tools-for-stm32.7-2018-q2-update.win32_1.0.0.201904181610/tools/bin/../lib/gcc/arm-none-eabi/7.3.1/../../../../arm-none-eabi/lib/thumb/v6-m/crt0.o (exit)
c:/st/stm32cubeide_1.1.0/stm32cubeide/plugins/com.st.stm32cube.ide.mcu.externaltools.gnu-tools-for-stm32.7-2018-q2-update.win32_1.0.0.201904181610/tools/bin/../lib/gcc/arm-none-eabi/7.3.1/../../../../arm-none-eabi/lib/thumb/v6-m\libc_nano.a(lib_a-impure.o)
                              c:/st/stm32cubeide_1.1.0/stm32cubeide/plugins/com.st.stm32cube.ide.mcu.externaltools.gnu-tools-for-stm32.7-2018-q2-update.win32_1.0.0.201904181610/tools/bin/../lib/gcc/arm-none-eabi/7.3.1/../../../../arm-none-eabi/lib/thumb/v6-m\libc_nano.a(lib_a-exit.o) (_global_impure_ptr)
c:/st/stm32cubeide_1.1.0/stm32cubeide/plugins/com.st.stm32cube.ide.mcu.externaltools.gnu-tools-for-stm32.7-2018-q2-update.win32_1.0.0.201904181610/tools/bin/../lib/gcc/arm-none-eabi/7.3.1/../../../../arm-none-eabi/lib/thumb/v6-m\libc_nano.a(lib_a-init.o)
                              c:/st/stm32cubeide_1.1.0/stm32cubeide/plugins/com.st.stm32cube.ide.mcu.externaltools.gnu-tools-for-stm32.7-2018-q2-update.win32_1.0.0.201904181610/tools/bin/../lib/gcc/arm-none-eabi/7.3.1/../../../../arm-none-eabi/lib/thumb/v6-m/crt0.o (__libc_init_array)
c:/st/stm32cubeide_1.1.0/stm32cubeide/plugins/com.st.stm32cube.ide.mcu.externaltools.gnu-tools-for-stm32.7-2018-q2-update.win32_1.0.0.201904181610/tools/bin/../lib/gcc/arm-none-eabi/7.3.1/../../../../arm-none-eabi/lib/thumb/v6-m\libc_nano.a(lib_a-memcpy-stub.o)
                              Drivers/SSD1306/ssd1306_tests.o (memcpy)
c:/st/stm32cubeide_1.1.0/stm32cubeide/plugins/com.st.stm32cube.ide.mcu.externaltools.gnu-tools-for-stm32.7-2018-q2-update.win32_1.0.0.201904181610/tools/bin/../lib/gcc/arm-none-eabi/7.3.1/../../../../arm-none-eabi/lib/thumb/v6-m\libc_nano.a(lib_a-memmove.o)
                              Drivers/SSD1306/ssd1306_tests.o (memmove)
c:/st/stm32cubeide_1.1.0/stm32cubeide/plugins/com.st.stm32cube.ide.mcu.externaltools.gnu-tools-for-stm32.7-2018-q2-update.win32_1.0.0.201904181610/tools/bin/../lib/gcc/arm-none-eabi/7.3.1/../../../../arm-none-eabi/lib/thumb/v6-m\libc_nano.a(lib_a-memset.o)
                              c:/st/stm32cubeide_1.1.0/stm32cubeide/plugins/com.st.stm32cube.ide.mcu.externaltools.gnu-tools-for-stm32.7-2018-q2-update.win32_1.0.0.201904181610/tools/bin/../lib/gcc/arm-none-eabi/7.3.1/../../../../arm-none-eabi/lib/thumb/v6-m/crt0.o (memset)
c:/st/stm32cubeide_1.1.0/stm32cubeide/plugins/com.st.stm32cube.ide.mcu.externaltools.gnu-tools-for-stm32.7-2018-q2-update.win32_1.0.0.201904181610/tools/bin/../lib/gcc/arm-none-eabi/7.3.1/../../../../arm-none-eabi/lib/thumb/v6-m\libc_nano.a(lib_a-snprintf.o)
                              Drivers/SSD1306/ssd1306_tests.o (snprintf)
c:/st/stm32cubeide_1.1.0/stm32cubeide/plugins/com.st.stm32cube.ide.mcu.externaltools.gnu-tools-for-stm32.7-2018-q2-update.win32_1.0.0.201904181610/tools/bin/../lib/gcc/arm-none-eabi/7.3.1/../../../../arm-none-eabi/lib/thumb/v6-m\libc_nano.a(lib_a-sprintf.o)
                              Core/Src/main.o (sprintf)
c:/st/stm32cubeide_1.1.0/stm32cubeide/plugins/com.st.stm32cube.ide.mcu.externaltools.gnu-tools-for-stm32.7-2018-q2-update.win32_1.0.0.201904181610/tools/bin/../lib/gcc/arm-none-eabi/7.3.1/../../../../arm-none-eabi/lib/thumb/v6-m\libc_nano.a(lib_a-nano-svfprintf.o)
                              c:/st/stm32cubeide_1.1.0/stm32cubeide/plugins/com.st.stm32cube.ide.mcu.externaltools.gnu-tools-for-stm32.7-2018-q2-update.win32_1.0.0.201904181610/tools/bin/../lib/gcc/arm-none-eabi/7.3.1/../../../../arm-none-eabi/lib/thumb/v6-m\libc_nano.a(lib_a-snprintf.o) (_svfprintf_r)
c:/st/stm32cubeide_1.1.0/stm32cubeide/plugins/com.st.stm32cube.ide.mcu.externaltools.gnu-tools-for-stm32.7-2018-q2-update.win32_1.0.0.201904181610/tools/bin/../lib/gcc/arm-none-eabi/7.3.1/../../../../arm-none-eabi/lib/thumb/v6-m\libc_nano.a(lib_a-nano-vfprintf_i.o)
                              c:/st/stm32cubeide_1.1.0/stm32cubeide/plugins/com.st.stm32cube.ide.mcu.externaltools.gnu-tools-for-stm32.7-2018-q2-update.win32_1.0.0.201904181610/tools/bin/../lib/gcc/arm-none-eabi/7.3.1/../../../../arm-none-eabi/lib/thumb/v6-m\libc_nano.a(lib_a-nano-svfprintf.o) (_printf_i)
[...]
Memory Configuration

Name             Origin             Length             Attributes
RAM              0x0000000020000000 0x0000000000001800 xrw
FLASH            0x0000000008000000 0x0000000000008000 xr
*default*        0x0000000000000000 0xffffffffffffffff

Linker script and memory map

LOAD c:/st/stm32cubeide_1.1.0/stm32cubeide/plugins/com.st.stm32cube.ide.mcu.externaltools.gnu-tools-for-stm32.7-2018-q2-update.win32_1.0.0.201904181610/tools/bin/../lib/gcc/arm-none-eabi/7.3.1/thumb/v6-m/crti.o
LOAD c:/st/stm32cubeide_1.1.0/stm32cubeide/plugins/com.st.stm32cube.ide.mcu.externaltools.gnu-tools-for-stm32.7-2018-q2-update.win32_1.0.0.201904181610/tools/bin/../lib/gcc/arm-none-eabi/7.3.1/thumb/v6-m/crtbegin.o
LOAD c:/st/stm32cubeide_1.1.0/stm32cubeide/plugins/com.st.stm32cube.ide.mcu.externaltools.gnu-tools-for-stm32.7-2018-q2-update.win32_1.0.0.201904181610/tools/bin/../lib/gcc/arm-none-eabi/7.3.1/../../../../arm-none-eabi/lib/thumb/v6-m/crt0.o
LOAD Core/Src/main.o
LOAD Core/Src/stm32f0xx_hal_msp.o
LOAD Core/Src/stm32f0xx_it.o
LOAD Core/Src/syscalls.o
LOAD Core/Src/sysmem.o
LOAD Core/Src/system_stm32f0xx.o
LOAD Core/Startup/startup_stm32f042f6px.o
LOAD Drivers/SIMPLE_DSP/simpleDSP_fft.o
LOAD Drivers/SSD1306/ssd1306.o
LOAD Drivers/SSD1306/ssd1306_fonts.o
LOAD Drivers/SSD1306/ssd1306_tests.o
LOAD Drivers/STM32F0xx_HAL_Driver/Src/stm32f0xx_hal.o
LOAD Drivers/STM32F0xx_HAL_Driver/Src/stm32f0xx_hal_adc.o
LOAD Drivers/STM32F0xx_HAL_Driver/Src/stm32f0xx_hal_adc_ex.o
LOAD Drivers/STM32F0xx_HAL_Driver/Src/stm32f0xx_hal_cortex.o
LOAD Drivers/STM32F0xx_HAL_Driver/Src/stm32f0xx_hal_dma.o
LOAD Drivers/STM32F0xx_HAL_Driver/Src/stm32f0xx_hal_exti.o
LOAD Drivers/STM32F0xx_HAL_Driver/Src/stm32f0xx_hal_flash.o
LOAD Drivers/STM32F0xx_HAL_Driver/Src/stm32f0xx_hal_flash_ex.o
LOAD Drivers/STM32F0xx_HAL_Driver/Src/stm32f0xx_hal_gpio.o
LOAD Drivers/STM32F0xx_HAL_Driver/Src/stm32f0xx_hal_i2c.o
LOAD Drivers/STM32F0xx_HAL_Driver/Src/stm32f0xx_hal_i2c_ex.o
LOAD Drivers/STM32F0xx_HAL_Driver/Src/stm32f0xx_hal_pcd.o
LOAD Drivers/STM32F0xx_HAL_Driver/Src/stm32f0xx_hal_pcd_ex.o
LOAD Drivers/STM32F0xx_HAL_Driver/Src/stm32f0xx_hal_pwr.o
LOAD Drivers/STM32F0xx_HAL_Driver/Src/stm32f0xx_hal_pwr_ex.o
LOAD Drivers/STM32F0xx_HAL_Driver/Src/stm32f0xx_hal_rcc.o
LOAD Drivers/STM32F0xx_HAL_Driver/Src/stm32f0xx_hal_rcc_ex.o
LOAD Drivers/STM32F0xx_HAL_Driver/Src/stm32f0xx_hal_tim.o
LOAD Drivers/STM32F0xx_HAL_Driver/Src/stm32f0xx_hal_tim_ex.o
LOAD Drivers/STM32F0xx_HAL_Driver/Src/stm32f0xx_hal_uart.o
LOAD Drivers/STM32F0xx_HAL_Driver/Src/stm32f0xx_hal_uart_ex.o
LOAD Drivers/STM32F0xx_HAL_Driver/Src/stm32f0xx_ll_usb.o
START GROUP
LOAD c:/st/stm32cubeide_1.1.0/stm32cubeide/plugins/com.st.stm32cube.ide.mcu.externaltools.gnu-tools-for-stm32.7-2018-q2-update.win32_1.0.0.201904181610/tools/bin/../lib/gcc/arm-none-eabi/7.3.1/../../../../arm-none-eabi/lib/thumb/v6-m\libc_nano.a
LOAD c:/st/stm32cubeide_1.1.0/stm32cubeide/plugins/com.st.stm32cube.ide.mcu.externaltools.gnu-tools-for-stm32.7-2018-q2-update.win32_1.0.0.201904181610/tools/bin/../lib/gcc/arm-none-eabi/7.3.1/../../../../arm-none-eabi/lib/thumb/v6-m\libm.a
END GROUP
START GROUP
LOAD c:/st/stm32cubeide_1.1.0/stm32cubeide/plugins/com.st.stm32cube.ide.mcu.externaltools.gnu-tools-for-stm32.7-2018-q2-update.win32_1.0.0.201904181610/tools/bin/../lib/gcc/arm-none-eabi/7.3.1/thumb/v6-m\libgcc.a
LOAD c:/st/stm32cubeide_1.1.0/stm32cubeide/plugins/com.st.stm32cube.ide.mcu.externaltools.gnu-tools-for-stm32.7-2018-q2-update.win32_1.0.0.201904181610/tools/bin/../lib/gcc/arm-none-eabi/7.3.1/../../../../arm-none-eabi/lib/thumb/v6-m\libc_nano.a
END GROUP
START GROUP
LOAD c:/st/stm32cubeide_1.1.0/stm32cubeide/plugins/com.st.stm32cube.ide.mcu.externaltools.gnu-tools-for-stm32.7-2018-q2-update.win32_1.0.0.201904181610/tools/bin/../lib/gcc/arm-none-eabi/7.3.1/thumb/v6-m\libgcc.a
LOAD c:/st/stm32cubeide_1.1.0/stm32cubeide/plugins/com.st.stm32cube.ide.mcu.externaltools.gnu-tools-for-stm32.7-2018-q2-update.win32_1.0.0.201904181610/tools/bin/../lib/gcc/arm-none-eabi/7.3.1/../../../../arm-none-eabi/lib/thumb/v6-m\libc_nano.a
LOAD c:/st/stm32cubeide_1.1.0/stm32cubeide/plugins/com.st.stm32cube.ide.mcu.externaltools.gnu-tools-for-stm32.7-2018-q2-update.win32_1.0.0.201904181610/tools/bin/../lib/gcc/arm-none-eabi/7.3.1/../../../../arm-none-eabi/lib/thumb/v6-m\libnosys.a
END GROUP
START GROUP
LOAD c:/st/stm32cubeide_1.1.0/stm32cubeide/plugins/com.st.stm32cube.ide.mcu.externaltools.gnu-tools-for-stm32.7-2018-q2-update.win32_1.0.0.201904181610/tools/bin/../lib/gcc/arm-none-eabi/7.3.1/thumb/v6-m\libgcc.a
LOAD c:/st/stm32cubeide_1.1.0/stm32cubeide/plugins/com.st.stm32cube.ide.mcu.externaltools.gnu-tools-for-stm32.7-2018-q2-update.win32_1.0.0.201904181610/tools/bin/../lib/gcc/arm-none-eabi/7.3.1/../../../../arm-none-eabi/lib/thumb/v6-m\libc_nano.a
LOAD c:/st/stm32cubeide_1.1.0/stm32cubeide/plugins/com.st.stm32cube.ide.mcu.externaltools.gnu-tools-for-stm32.7-2018-q2-update.win32_1.0.0.201904181610/tools/bin/../lib/gcc/arm-none-eabi/7.3.1/../../../../arm-none-eabi/lib/thumb/v6-m\libnosys.a
END GROUP
LOAD c:/st/stm32cubeide_1.1.0/stm32cubeide/plugins/com.st.stm32cube.ide.mcu.externaltools.gnu-tools-for-stm32.7-2018-q2-update.win32_1.0.0.201904181610/tools/bin/../lib/gcc/arm-none-eabi/7.3.1/thumb/v6-m/crtend.o
LOAD c:/st/stm32cubeide_1.1.0/stm32cubeide/plugins/com.st.stm32cube.ide.mcu.externaltools.gnu-tools-for-stm32.7-2018-q2-update.win32_1.0.0.201904181610/tools/bin/../lib/gcc/arm-none-eabi/7.3.1/thumb/v6-m/crtn.o
                0x0000000020001800                _estack = (ORIGIN (RAM) + LENGTH (RAM))
                0x0000000000000100                _Min_Heap_Size = 0x100
                0x0000000000000100                _Min_Stack_Size = 0x100

.isr_vector     0x0000000008000000       0xc0
                0x0000000008000000                . = ALIGN (0x4)
 *(.isr_vector)
 .isr_vector    0x0000000008000000       0xc0 Core/Startup/startup_stm32f042f6px.o
                0x0000000008000000                g_pfnVectors
                0x00000000080000c0                . = ALIGN (0x4)

.text           0x00000000080000c0     0x3ab0
                0x00000000080000c0                . = ALIGN (0x4)
 *(.text)
 .text          0x00000000080000c0       0x48 c:/st/stm32cubeide_1.1.0/stm32cubeide/plugins/com.st.stm32cube.ide.mcu.externaltools.gnu-tools-for-stm32.7-2018-q2-update.win32_1.0.0.201904181610/tools/bin/../lib/gcc/arm-none-eabi/7.3.1/thumb/v6-m/crtbegin.o
 .text          0x0000000008000108       0x14 c:/st/stm32cubeide_1.1.0/stm32cubeide/plugins/com.st.stm32cube.ide.mcu.externaltools.gnu-tools-for-stm32.7-2018-q2-update.win32_1.0.0.201904181610/tools/bin/../lib/gcc/arm-none-eabi/7.3.1/thumb/v6-m\libgcc.a(_thumb1_case_sqi.o)
                0x0000000008000108                __gnu_thumb1_case_sqi
 .text          0x000000000800011c       0x14 c:/st/stm32cubeide_1.1.0/stm32cubeide/plugins/com.st.stm32cube.ide.mcu.externaltools.gnu-tools-for-stm32.7-2018-q2-update.win32_1.0.0.201904181610/tools/bin/../lib/gcc/arm-none-eabi/7.3.1/thumb/v6-m\libgcc.a(_thumb1_case_uqi.o)
                0x000000000800011c                __gnu_thumb1_case_uqi
 .text          0x0000000008000130      0x114 c:/st/stm32cubeide_1.1.0/stm32cubeide/plugins/com.st.stm32cube.ide.mcu.externaltools.gnu-tools-for-stm32.7-2018-q2-update.win32_1.0.0.201904181610/tools/bin/../lib/gcc/arm-none-eabi/7.3.1/thumb/v6-m\libgcc.a(_udivsi3.o)
                0x0000000008000130                __aeabi_uidiv
                0x0000000008000130                __udivsi3
                0x000000000800023c                __aeabi_uidivmod
 .text          0x0000000008000244      0x1d4 c:/st/stm32cubeide_1.1.0/stm32cubeide/plugins/com.st.stm32cube.ide.mcu.externaltools.gnu-tools-for-stm32.7-2018-q2-update.win32_1.0.0.201904181610/tools/bin/../lib/gcc/arm-none-eabi/7.3.1/thumb/v6-m\libgcc.a(_divsi3.o)
                0x0000000008000244                __divsi3
                0x0000000008000244                __aeabi_idiv
                0x0000000008000410                __aeabi_idivmod
 .text          0x0000000008000418        0x4 c:/st/stm32cubeide_1.1.0/stm32cubeide/plugins/com.st.stm32cube.ide.mcu.externaltools.gnu-tools-for-stm32.7-2018-q2-update.win32_1.0.0.201904181610/tools/bin/../lib/gcc/arm-none-eabi/7.3.1/thumb/v6-m\libgcc.a(_dvmd_tls.o)
                0x0000000008000418                __aeabi_idiv0
                0x0000000008000418                __aeabi_ldiv0
 .text          0x000000000800041c       0x7c c:/st/stm32cubeide_1.1.0/stm32cubeide/plugins/com.st.stm32cube.ide.mcu.externaltools.gnu-tools-for-stm32.7-2018-q2-update.win32_1.0.0.201904181610/tools/bin/../lib/gcc/arm-none-eabi/7.3.1/thumb/v6-m\libgcc.a(_arm_cmpdf2.o)
                0x000000000800041c                __aeabi_cdrcmple
                0x000000000800042c                __aeabi_cdcmple
                0x000000000800042c                __aeabi_cdcmpeq
                0x000000000800043c                __aeabi_dcmpeq
                0x0000000008000448                __aeabi_dcmplt
                0x000000000800045c                __aeabi_dcmple
                0x0000000008000470                __aeabi_dcmpgt
                0x0000000008000484                __aeabi_dcmpge
 .text          0x0000000008000498      0x334 c:/st/stm32cubeide_1.1.0/stm32cubeide/plugins/com.st.stm32cube.ide.mcu.externaltools.gnu-tools-for-stm32.7-2018-q2-update.win32_1.0.0.201904181610/tools/bin/../lib/gcc/arm-none-eabi/7.3.1/thumb/v6-m\libgcc.a(addsf3.o)
                0x0000000008000498                __aeabi_fadd
 .text          0x00000000080007cc      0x264 c:/st/stm32cubeide_1.1.0/stm32cubeide/plugins/com.st.stm32cube.ide.mcu.externaltools.gnu-tools-for-stm32.7-2018-q2-update.win32_1.0.0.201904181610/tools/bin/../lib/gcc/arm-none-eabi/7.3.1/thumb/v6-m\libgcc.a(mulsf3.o)
                0x00000000080007cc                __aeabi_fmul
 .text          0x0000000008000a30      0x388 c:/st/stm32cubeide_1.1.0/stm32cubeide/plugins/com.st.stm32cube.ide.mcu.externaltools.gnu-tools-for-stm32.7-2018-q2-update.win32_1.0.0.201904181610/tools/bin/../lib/gcc/arm-none-eabi/7.3.1/thumb/v6-m\libgcc.a(subsf3.o)
                0x0000000008000a30                __aeabi_fsub
 .text          0x0000000008000db8       0x40 c:/st/stm32cubeide_1.1.0/stm32cubeide/plugins/com.st.stm32cube.ide.mcu.externaltools.gnu-tools-for-stm32.7-2018-q2-update.win32_1.0.0.201904181610/tools/bin/../lib/gcc/arm-none-eabi/7.3.1/thumb/v6-m\libgcc.a(fixsfsi.o)
                0x0000000008000db8                __aeabi_f2iz
 .text          0x0000000008000df8       0x78 c:/st/stm32cubeide_1.1.0/stm32cubeide/plugins/com.st.stm32cube.ide.mcu.externaltools.gnu-tools-for-stm32.7-2018-q2-update.win32_1.0.0.201904181610/tools/bin/../lib/gcc/arm-none-eabi/7.3.1/thumb/v6-m\libgcc.a(eqdf2.o)
                0x0000000008000df8                __nedf2
                0x0000000008000df8                __eqdf2
 .text          0x0000000008000e70       0xc8 c:/st/stm32cubeide_1.1.0/stm32cubeide/plugins/com.st.stm32cube.ide.mcu.externaltools.gnu-tools-for-stm32.7-2018-q2-update.win32_1.0.0.201904181610/tools/bin/../lib/gcc/arm-none-eabi/7.3.1/thumb/v6-m\libgcc.a(gedf2.o)
                0x0000000008000e70                __gedf2
                0x0000000008000e70                __gtdf2
 .text          0x0000000008000f38       0xd0 c:/st/stm32cubeide_1.1.0/stm32cubeide/plugins/com.st.stm32cube.ide.mcu.externaltools.gnu-tools-for-stm32.7-2018-q2-update.win32_1.0.0.201904181610/tools/bin/../lib/gcc/arm-none-eabi/7.3.1/thumb/v6-m\libgcc.a(ledf2.o)
                0x0000000008000f38                __ledf2
                0x0000000008000f38                __ltdf2
 .text          0x0000000008001008       0x6c c:/st/stm32cubeide_1.1.0/stm32cubeide/plugins/com.st.stm32cube.ide.mcu.externaltools.gnu-tools-for-stm32.7-2018-q2-update.win32_1.0.0.201904181610/tools/bin/../lib/gcc/arm-none-eabi/7.3.1/thumb/v6-m\libgcc.a(fixdfsi.o)
                0x0000000008001008                __aeabi_d2iz
 .text          0x0000000008001074       0x74 c:/st/stm32cubeide_1.1.0/stm32cubeide/plugins/com.st.stm32cube.ide.mcu.externaltools.gnu-tools-for-stm32.7-2018-q2-update.win32_1.0.0.201904181610/tools/bin/../lib/gcc/arm-none-eabi/7.3.1/thumb/v6-m\libgcc.a(floatsidf.o)
                0x0000000008001074                __aeabi_i2d
 .text          0x00000000080010e8       0x3c c:/st/stm32cubeide_1.1.0/stm32cubeide/plugins/com.st.stm32cube.ide.mcu.externaltools.gnu-tools-for-stm32.7-2018-q2-update.win32_1.0.0.201904181610/tools/bin/../lib/gcc/arm-none-eabi/7.3.1/thumb/v6-m\libgcc.a(_clzsi2.o)
                0x00000000080010e8                __clzsi2
 *(.text*)
 .text.SystemClock_Config
                0x0000000008001124       0x68 Core/Src/main.o
                0x0000000008001124                SystemClock_Config
 .text.startup.main
                0x000000000800118c      0x27c Core/Src/main.o
                0x000000000800118c                main
 .text.HAL_ADC_ConvCpltCallback
                0x0000000008001408       0x10 Core/Src/main.o
                0x0000000008001408                HAL_ADC_ConvCpltCallback
 .text.Error_Handler
                0x0000000008001418        0x2 Core/Src/main.o
                0x0000000008001418                Error_Handler
 *fill*         0x000000000800141a        0x2 
 .text.HAL_MspInit
                0x000000000800141c       0x3c Core/Src/stm32f0xx_hal_msp.o
                0x000000000800141c                HAL_MspInit
 .text.HAL_ADC_MspInit
                0x0000000008001458       0x98 Core/Src/stm32f0xx_hal_msp.o
                0x0000000008001458                HAL_ADC_MspInit
 .text.HAL_I2C_MspInit
                0x00000000080014f0       0x68 Core/Src/stm32f0xx_hal_msp.o
                0x00000000080014f0                HAL_I2C_MspInit
 .text.HAL_UART_MspInit
                0x0000000008001558       0x60 Core/Src/stm32f0xx_hal_msp.o
                0x0000000008001558                HAL_UART_MspInit
 .text.HAL_PCD_MspInit
                0x00000000080015b8       0x2c Core/Src/stm32f0xx_hal_msp.o
                0x00000000080015b8                HAL_PCD_MspInit
 .text.NMI_Handler
                0x00000000080015e4        0x2 Core/Src/stm32f0xx_it.o
                0x00000000080015e4                NMI_Handler
 .text.HardFault_Handler
                0x00000000080015e6        0x2 Core/Src/stm32f0xx_it.o
                0x00000000080015e6                HardFault_Handler
 .text.SVC_Handler
                0x00000000080015e8        0x2 Core/Src/stm32f0xx_it.o
                0x00000000080015e8                SVC_Handler
 .text.PendSV_Handler
                0x00000000080015ea        0x2 Core/Src/stm32f0xx_it.o
                0x00000000080015ea                PendSV_Handler
 .text.SysTick_Handler
                0x00000000080015ec        0x8 Core/Src/stm32f0xx_it.o
                0x00000000080015ec                SysTick_Handler
 .text.DMA1_Channel1_IRQHandler
                0x00000000080015f4       0x10 Core/Src/stm32f0xx_it.o
                0x00000000080015f4                DMA1_Channel1_IRQHandler
 .text._sbrk    0x0000000008001604       0x34 Core/Src/sysmem.o
                0x0000000008001604                _sbrk
 .text.SystemInit
                0x0000000008001638        0x2 Core/Src/system_stm32f0xx.o
                0x0000000008001638                SystemInit
 *fill*         0x000000000800163a        0x2 
 .text.Reset_Handler
                0x000000000800163c       0x80 Core/Startup/startup_stm32f042f6px.o
                0x000000000800163c                Reset_Handler
 .text.Default_Handler
                0x00000000080016bc        0x2 Core/Startup/startup_stm32f042f6px.o
                0x00000000080016bc                TIM1_CC_IRQHandler
                0x00000000080016bc                TSC_IRQHandler
                0x00000000080016bc                I2C1_IRQHandler
                0x00000000080016bc                RCC_CRS_IRQHandler
                0x00000000080016bc                SPI1_IRQHandler
                0x00000000080016bc                EXTI2_3_IRQHandler
                0x00000000080016bc                ADC1_IRQHandler
                0x00000000080016bc                TIM17_IRQHandler
                0x00000000080016bc                CEC_CAN_IRQHandler
                0x00000000080016bc                RTC_IRQHandler
                0x00000000080016bc                PVD_VDDIO2_IRQHandler
                0x00000000080016bc                TIM16_IRQHandler
                0x00000000080016bc                TIM3_IRQHandler
                0x00000000080016bc                EXTI4_15_IRQHandler
                0x00000000080016bc                Default_Handler
                0x00000000080016bc                TIM14_IRQHandler
                0x00000000080016bc                DMA1_Channel4_5_IRQHandler
                0x00000000080016bc                EXTI0_1_IRQHandler
                0x00000000080016bc                USB_IRQHandler
                0x00000000080016bc                SPI2_IRQHandler
                0x00000000080016bc                WWDG_IRQHandler
                0x00000000080016bc                TIM2_IRQHandler
                0x00000000080016bc                DMA1_Channel2_3_IRQHandler
                0x00000000080016bc                USART2_IRQHandler
                0x00000000080016bc                FLASH_IRQHandler
                0x00000000080016bc                USART1_IRQHandler
                0x00000000080016bc                TIM1_BRK_UP_TRG_COM_IRQHandler
 *fill*         0x00000000080016be        0x2 
 .text.FFT      0x00000000080016c0      0x164 Drivers/SIMPLE_DSP/simpleDSP_fft.o
                0x00000000080016c0                FFT
 .text.ssd1306_WriteCommand
                0x0000000008001824       0x28 Drivers/SSD1306/ssd1306.o
                0x0000000008001824                ssd1306_WriteCommand
 .text.ssd1306_WriteData
                0x000000000800184c       0x24 Drivers/SSD1306/ssd1306.o
                0x000000000800184c                ssd1306_WriteData
 .text.ssd1306_Fill
                0x0000000008001870       0x1c Drivers/SSD1306/ssd1306.o
                0x0000000008001870                ssd1306_Fill
 .text.ssd1306_UpdateScreen
                0x000000000800188c       0x34 Drivers/SSD1306/ssd1306.o
                0x000000000800188c                ssd1306_UpdateScreen
 .text.ssd1306_DrawPixel
                0x00000000080018c0       0x48 Drivers/SSD1306/ssd1306.o
                0x00000000080018c0                ssd1306_DrawPixel
 .text.ssd1306_WriteChar
                0x0000000008001908       0xa8 Drivers/SSD1306/ssd1306.o
                0x0000000008001908                ssd1306_WriteChar
 .text.ssd1306_WriteString
                0x00000000080019b0       0x28 Drivers/SSD1306/ssd1306.o
                0x00000000080019b0                ssd1306_WriteString
 .text.ssd1306_SetCursor
                0x00000000080019d8        0xc Drivers/SSD1306/ssd1306.o
                0x00000000080019d8                ssd1306_SetCursor
 .text.HAL_InitTick
                0x00000000080019e4       0x48 Drivers/STM32F0xx_HAL_Driver/Src/stm32f0xx_hal.o
                0x00000000080019e4                HAL_InitTick
 .text.HAL_Init
                0x0000000008001a2c       0x20 Drivers/STM32F0xx_HAL_Driver/Src/stm32f0xx_hal.o
                0x0000000008001a2c                HAL_Init
 .text.HAL_IncTick
                0x0000000008001a4c       0x18 Drivers/STM32F0xx_HAL_Driver/Src/stm32f0xx_hal.o
                0x0000000008001a4c                HAL_IncTick
 .text.HAL_GetTick
                0x0000000008001a64        0xc Drivers/STM32F0xx_HAL_Driver/Src/stm32f0xx_hal.o
                0x0000000008001a64                HAL_GetTick
 .text.ADC_Enable
                0x0000000008001a70       0x98 Drivers/STM32F0xx_HAL_Driver/Src/stm32f0xx_hal_adc.o
 .text.HAL_ADC_Init
                0x0000000008001b08      0x14c Drivers/STM32F0xx_HAL_Driver/Src/stm32f0xx_hal_adc.o
                0x0000000008001b08                HAL_ADC_Init
 .text.HAL_ADC_Start_DMA
                0x0000000008001c54       0x94 Drivers/STM32F0xx_HAL_Driver/Src/stm32f0xx_hal_adc.o
                0x0000000008001c54                HAL_ADC_Start_DMA
 .text.ADC_DMAConvCplt
                0x0000000008001ce8       0x70 Drivers/STM32F0xx_HAL_Driver/Src/stm32f0xx_hal_adc.o
 .text.HAL_ADC_ConvHalfCpltCallback
                0x0000000008001d58        0x2 Drivers/STM32F0xx_HAL_Driver/Src/stm32f0xx_hal_adc.o
                0x0000000008001d58                HAL_ADC_ConvHalfCpltCallback
 .text.ADC_DMAHalfConvCplt
                0x0000000008001d5a        0xa Drivers/STM32F0xx_HAL_Driver/Src/stm32f0xx_hal_adc.o
 .text.HAL_ADC_ErrorCallback
                0x0000000008001d64        0x2 Drivers/STM32F0xx_HAL_Driver/Src/stm32f0xx_hal_adc.o
                0x0000000008001d64                HAL_ADC_ErrorCallback
 .text.ADC_DMAError
                0x0000000008001d66       0x1a Drivers/STM32F0xx_HAL_Driver/Src/stm32f0xx_hal_adc.o
 .text.HAL_ADC_ConfigChannel
                0x0000000008001d80      0x100 Drivers/STM32F0xx_HAL_Driver/Src/stm32f0xx_hal_adc.o
                0x0000000008001d80                HAL_ADC_ConfigChannel
 .text.HAL_NVIC_SetPriority
                0x0000000008001e80       0x54 Drivers/STM32F0xx_HAL_Driver/Src/stm32f0xx_hal_cortex.o
                0x0000000008001e80                HAL_NVIC_SetPriority
 .text.HAL_NVIC_EnableIRQ
                0x0000000008001ed4       0x18 Drivers/STM32F0xx_HAL_Driver/Src/stm32f0xx_hal_cortex.o
                0x0000000008001ed4                HAL_NVIC_EnableIRQ
 .text.HAL_SYSTICK_Config
                0x0000000008001eec       0x34 Drivers/STM32F0xx_HAL_Driver/Src/stm32f0xx_hal_cortex.o
                0x0000000008001eec                HAL_SYSTICK_Config
 .text.HAL_DMA_Init
                0x0000000008001f20       0x64 Drivers/STM32F0xx_HAL_Driver/Src/stm32f0xx_hal_dma.o
                0x0000000008001f20                HAL_DMA_Init
 .text.HAL_DMA_Start_IT
                0x0000000008001f84       0x78 Drivers/STM32F0xx_HAL_Driver/Src/stm32f0xx_hal_dma.o
                0x0000000008001f84                HAL_DMA_Start_IT
 .text.HAL_DMA_IRQHandler
                0x0000000008001ffc       0x92 Drivers/STM32F0xx_HAL_Driver/Src/stm32f0xx_hal_dma.o
                0x0000000008001ffc                HAL_DMA_IRQHandler
 *fill*         0x000000000800208e        0x2 
 .text.HAL_GPIO_Init
                0x0000000008002090      0x154 Drivers/STM32F0xx_HAL_Driver/Src/stm32f0xx_hal_gpio.o
                0x0000000008002090                HAL_GPIO_Init
 .text.HAL_GPIO_WritePin
                0x00000000080021e4        0xc Drivers/STM32F0xx_HAL_Driver/Src/stm32f0xx_hal_gpio.o
                0x00000000080021e4                HAL_GPIO_WritePin
 .text.HAL_GPIO_TogglePin
                0x00000000080021f0        0xc Drivers/STM32F0xx_HAL_Driver/Src/stm32f0xx_hal_gpio.o
                0x00000000080021f0                HAL_GPIO_TogglePin
 .text.I2C_Flush_TXDR
                0x00000000080021fc       0x1c Drivers/STM32F0xx_HAL_Driver/Src/stm32f0xx_hal_i2c.o
 .text.I2C_TransferConfig
                0x0000000008002218       0x28 Drivers/STM32F0xx_HAL_Driver/Src/stm32f0xx_hal_i2c.o
 .text.I2C_IsAcknowledgeFailed
                0x0000000008002240       0x7c Drivers/STM32F0xx_HAL_Driver/Src/stm32f0xx_hal_i2c.o
 .text.I2C_WaitOnSTOPFlagUntilTimeout
                0x00000000080022bc       0x50 Drivers/STM32F0xx_HAL_Driver/Src/stm32f0xx_hal_i2c.o
 .text.I2C_WaitOnFlagUntilTimeout
                0x000000000800230c       0x50 Drivers/STM32F0xx_HAL_Driver/Src/stm32f0xx_hal_i2c.o
 .text.I2C_WaitOnTXISFlagUntilTimeout
                0x000000000800235c       0x54 Drivers/STM32F0xx_HAL_Driver/Src/stm32f0xx_hal_i2c.o
 .text.I2C_RequestMemoryWrite
                0x00000000080023b0       0x64 Drivers/STM32F0xx_HAL_Driver/Src/stm32f0xx_hal_i2c.o
 .text.HAL_I2C_Init
                0x0000000008002414       0xac Drivers/STM32F0xx_HAL_Driver/Src/stm32f0xx_hal_i2c.o
                0x0000000008002414                HAL_I2C_Init
 .text.HAL_I2C_Mem_Write
                0x00000000080024c0      0x16c Drivers/STM32F0xx_HAL_Driver/Src/stm32f0xx_hal_i2c.o
                0x00000000080024c0                HAL_I2C_Mem_Write
 .text.HAL_I2CEx_ConfigAnalogFilter
                0x000000000800262c       0x4c Drivers/STM32F0xx_HAL_Driver/Src/stm32f0xx_hal_i2c_ex.o
                0x000000000800262c                HAL_I2CEx_ConfigAnalogFilter
 .text.HAL_I2CEx_ConfigDigitalFilter
                0x0000000008002678       0x48 Drivers/STM32F0xx_HAL_Driver/Src/stm32f0xx_hal_i2c_ex.o
                0x0000000008002678                HAL_I2CEx_ConfigDigitalFilter
 .text.HAL_PCD_Init
                0x00000000080026c0       0xc4 Drivers/STM32F0xx_HAL_Driver/Src/stm32f0xx_hal_pcd.o
                0x00000000080026c0                HAL_PCD_Init
 .text.HAL_PCDEx_ActivateLPM
                0x0000000008002784       0x28 Drivers/STM32F0xx_HAL_Driver/Src/stm32f0xx_hal_pcd_ex.o
                0x0000000008002784                HAL_PCDEx_ActivateLPM
 .text.HAL_RCC_OscConfig
                0x00000000080027ac      0x4a0 Drivers/STM32F0xx_HAL_Driver/Src/stm32f0xx_hal_rcc.o
                0x00000000080027ac                HAL_RCC_OscConfig
 .text.HAL_RCC_GetSysClockFreq
                0x0000000008002c4c       0x84 Drivers/STM32F0xx_HAL_Driver/Src/stm32f0xx_hal_rcc.o
                0x0000000008002c4c                HAL_RCC_GetSysClockFreq
 .text.HAL_RCC_ClockConfig
                0x0000000008002cd0      0x118 Drivers/STM32F0xx_HAL_Driver/Src/stm32f0xx_hal_rcc.o
                0x0000000008002cd0                HAL_RCC_ClockConfig
 .text.HAL_RCC_GetPCLK1Freq
                0x0000000008002de8       0x20 Drivers/STM32F0xx_HAL_Driver/Src/stm32f0xx_hal_rcc.o
                0x0000000008002de8                HAL_RCC_GetPCLK1Freq
 .text.HAL_RCCEx_PeriphCLKConfig
                0x0000000008002e08      0x12c Drivers/STM32F0xx_HAL_Driver/Src/stm32f0xx_hal_rcc_ex.o
                0x0000000008002e08                HAL_RCCEx_PeriphCLKConfig
 .text.UART_SetConfig
                0x0000000008002f34      0x14c Drivers/STM32F0xx_HAL_Driver/Src/stm32f0xx_hal_uart.o
                0x0000000008002f34                UART_SetConfig
 .text.UART_AdvFeatureConfig
                0x0000000008003080       0xd0 Drivers/STM32F0xx_HAL_Driver/Src/stm32f0xx_hal_uart.o
                0x0000000008003080                UART_AdvFeatureConfig
 .text.UART_WaitOnFlagUntilTimeout
                0x0000000008003150       0x90 Drivers/STM32F0xx_HAL_Driver/Src/stm32f0xx_hal_uart.o
                0x0000000008003150                UART_WaitOnFlagUntilTimeout
 .text.UART_CheckIdleState
                0x00000000080031e0       0x60 Drivers/STM32F0xx_HAL_Driver/Src/stm32f0xx_hal_uart.o
                0x00000000080031e0                UART_CheckIdleState
 .text.HAL_UART_Init
                0x0000000008003240       0x64 Drivers/STM32F0xx_HAL_Driver/Src/stm32f0xx_hal_uart.o
                0x0000000008003240                HAL_UART_Init
 .text.USB_DisableGlobalInt
                0x00000000080032a4       0x14 Drivers/STM32F0xx_HAL_Driver/Src/stm32f0xx_ll_usb.o
                0x00000000080032a4                USB_DisableGlobalInt
 .text.USB_DevInit
                0x00000000080032b8       0x2c Drivers/STM32F0xx_HAL_Driver/Src/stm32f0xx_ll_usb.o
                0x00000000080032b8                USB_DevInit
 .text.__errno  0x00000000080032e4        0xc c:/st/stm32cubeide_1.1.0/stm32cubeide/plugins/com.st.stm32cube.ide.mcu.externaltools.gnu-tools-for-stm32.7-2018-q2-update.win32_1.0.0.201904181610/tools/bin/../lib/gcc/arm-none-eabi/7.3.1/../../../../arm-none-eabi/lib/thumb/v6-m\libc_nano.a(lib_a-errno.o)
                0x00000000080032e4                __errno
 .text.__libc_init_array
                0x00000000080032f0       0x48 c:/st/stm32cubeide_1.1.0/stm32cubeide/plugins/com.st.stm32cube.ide.mcu.externaltools.gnu-tools-for-stm32.7-2018-q2-update.win32_1.0.0.201904181610/tools/bin/../lib/gcc/arm-none-eabi/7.3.1/../../../../arm-none-eabi/lib/thumb/v6-m\libc_nano.a(lib_a-init.o)
                0x00000000080032f0                __libc_init_array
 .text.memcpy   0x0000000008003338       0x12 c:/st/stm32cubeide_1.1.0/stm32cubeide/plugins/com.st.stm32cube.ide.mcu.externaltools.gnu-tools-for-stm32.7-2018-q2-update.win32_1.0.0.201904181610/tools/bin/../lib/gcc/arm-none-eabi/7.3.1/../../../../arm-none-eabi/lib/thumb/v6-m\libc_nano.a(lib_a-memcpy-stub.o)
                0x0000000008003338                memcpy
 .text.memmove  0x000000000800334a       0x26 c:/st/stm32cubeide_1.1.0/stm32cubeide/plugins/com.st.stm32cube.ide.mcu.externaltools.gnu-tools-for-stm32.7-2018-q2-update.win32_1.0.0.201904181610/tools/bin/../lib/gcc/arm-none-eabi/7.3.1/../../../../arm-none-eabi/lib/thumb/v6-m\libc_nano.a(lib_a-memmove.o)
                0x000000000800334a                memmove
 .text.memset   0x0000000008003370       0x10 c:/st/stm32cubeide_1.1.0/stm32cubeide/plugins/com.st.stm32cube.ide.mcu.externaltools.gnu-tools-for-stm32.7-2018-q2-update.win32_1.0.0.201904181610/tools/bin/../lib/gcc/arm-none-eabi/7.3.1/../../../../arm-none-eabi/lib/thumb/v6-m\libc_nano.a(lib_a-memset.o)
                0x0000000008003370                memset
 .text.sprintf  0x0000000008003380       0x40 c:/st/stm32cubeide_1.1.0/stm32cubeide/plugins/com.st.stm32cube.ide.mcu.externaltools.gnu-tools-for-stm32.7-2018-q2-update.win32_1.0.0.201904181610/tools/bin/../lib/gcc/arm-none-eabi/7.3.1/../../../../arm-none-eabi/lib/thumb/v6-m\libc_nano.a(lib_a-sprintf.o)
                0x0000000008003380                siprintf
                0x0000000008003380                sprintf
 .text.__ssputs_r
                0x00000000080033c0       0xc4 c:/st/stm32cubeide_1.1.0/stm32cubeide/plugins/com.st.stm32cube.ide.mcu.externaltools.gnu-tools-for-stm32.7-2018-q2-update.win32_1.0.0.201904181610/tools/bin/../lib/gcc/arm-none-eabi/7.3.1/../../../../arm-none-eabi/lib/thumb/v6-m\libc_nano.a(lib_a-nano-svfprintf.o)
                0x00000000080033c0                __ssputs_r
 .text._svfprintf_r
                0x0000000008003484      0x1fc c:/st/stm32cubeide_1.1.0/stm32cubeide/plugins/com.st.stm32cube.ide.mcu.externaltools.gnu-tools-for-stm32.7-2018-q2-update.win32_1.0.0.201904181610/tools/bin/../lib/gcc/arm-none-eabi/7.3.1/../../../../arm-none-eabi/lib/thumb/v6-m\libc_nano.a(lib_a-nano-svfprintf.o)
                0x0000000008003484                _svfiprintf_r
                0x0000000008003484                _svfprintf_r
 .text._printf_common
                0x0000000008003680       0xda c:/st/stm32cubeide_1.1.0/stm32cubeide/plugins/com.st.stm32cube.ide.mcu.externaltools.gnu-tools-for-stm32.7-2018-q2-update.win32_1.0.0.201904181610/tools/bin/../lib/gcc/arm-none-eabi/7.3.1/../../../../arm-none-eabi/lib/thumb/v6-m\libc_nano.a(lib_a-nano-vfprintf_i.o)
                0x0000000008003680                _printf_common
 *fill*         0x000000000800375a        0x2 
 .text._printf_i
                0x000000000800375c      0x210 c:/st/stm32cubeide_1.1.0/stm32cubeide/plugins/com.st.stm32cube.ide.mcu.externaltools.gnu-tools-for-stm32.7-2018-q2-update.win32_1.0.0.201904181610/tools/bin/../lib/gcc/arm-none-eabi/7.3.1/../../../../arm-none-eabi/lib/thumb/v6-m\libc_nano.a(lib_a-nano-vfprintf_i.o)
                0x000000000800375c                _printf_i
 .text.memchr   0x000000000800396c       0x16 c:/st/stm32cubeide_1.1.0/stm32cubeide/plugins/com.st.stm32cube.ide.mcu.externaltools.gnu-tools-for-stm32.7-2018-q2-update.win32_1.0.0.201904181610/tools/bin/../lib/gcc/arm-none-eabi/7.3.1/../../../../arm-none-eabi/lib/thumb/v6-m\libc_nano.a(lib_a-memchr-stub.o)
                0x000000000800396c                memchr
 *fill*         0x0000000008003982        0x2 
 .text._free_r  0x0000000008003984       0x94 c:/st/stm32cubeide_1.1.0/stm32cubeide/plugins/com.st.stm32cube.ide.mcu.externaltools.gnu-tools-for-stm32.7-2018-q2-update.win32_1.0.0.201904181610/tools/bin/../lib/gcc/arm-none-eabi/7.3.1/../../../../arm-none-eabi/lib/thumb/v6-m\libc_nano.a(lib_a-nano-freer.o)
                0x0000000008003984                _free_r
 .text._malloc_r
                0x0000000008003a18       0xbc c:/st/stm32cubeide_1.1.0/stm32cubeide/plugins/com.st.stm32cube.ide.mcu.externaltools.gnu-tools-for-stm32.7-2018-q2-update.win32_1.0.0.201904181610/tools/bin/../lib/gcc/arm-none-eabi/7.3.1/../../../../arm-none-eabi/lib/thumb/v6-m\libc_nano.a(lib_a-nano-mallocr.o)
                0x0000000008003a18                _malloc_r
 .text._realloc_r
                0x0000000008003ad4       0x4c c:/st/stm32cubeide_1.1.0/stm32cubeide/plugins/com.st.stm32cube.ide.mcu.externaltools.gnu-tools-for-stm32.7-2018-q2-update.win32_1.0.0.201904181610/tools/bin/../lib/gcc/arm-none-eabi/7.3.1/../../../../arm-none-eabi/lib/thumb/v6-m\libc_nano.a(lib_a-nano-reallocr.o)
                0x0000000008003ad4                _realloc_r
 .text._sbrk_r  0x0000000008003b20       0x24 c:/st/stm32cubeide_1.1.0/stm32cubeide/plugins/com.st.stm32cube.ide.mcu.externaltools.gnu-tools-for-stm32.7-2018-q2-update.win32_1.0.0.201904181610/tools/bin/../lib/gcc/arm-none-eabi/7.3.1/../../../../arm-none-eabi/lib/thumb/v6-m\libc_nano.a(lib_a-sbrkr.o)
                0x0000000008003b20                _sbrk_r
 .text.__malloc_lock
                0x0000000008003b44        0x2 c:/st/stm32cubeide_1.1.0/stm32cubeide/plugins/com.st.stm32cube.ide.mcu.externaltools.gnu-tools-for-stm32.7-2018-q2-update.win32_1.0.0.201904181610/tools/bin/../lib/gcc/arm-none-eabi/7.3.1/../../../../arm-none-eabi/lib/thumb/v6-m\libc_nano.a(lib_a-mlock.o)
                0x0000000008003b44                __malloc_lock
 .text.__malloc_unlock
                0x0000000008003b46        0x2 c:/st/stm32cubeide_1.1.0/stm32cubeide/plugins/com.st.stm32cube.ide.mcu.externaltools.gnu-tools-for-stm32.7-2018-q2-update.win32_1.0.0.201904181610/tools/bin/../lib/gcc/arm-none-eabi/7.3.1/../../../../arm-none-eabi/lib/thumb/v6-m\libc_nano.a(lib_a-mlock.o)
                0x0000000008003b46                __malloc_unlock
 .text._malloc_usable_size_r
                0x0000000008003b48       0x10 c:/st/stm32cubeide_1.1.0/stm32cubeide/plugins/com.st.stm32cube.ide.mcu.externaltools.gnu-tools-for-stm32.7-2018-q2-update.win32_1.0.0.201904181610/tools/bin/../lib/gcc/arm-none-eabi/7.3.1/../../../../arm-none-eabi/lib/thumb/v6-m\libc_nano.a(lib_a-nano-msizer.o)
                0x0000000008003b48                _malloc_usable_size_r
 *(.glue_7)
 .glue_7        0x0000000008003b58        0x0 linker stubs
 *(.glue_7t)
 .glue_7t       0x0000000008003b58        0x0 linker stubs
 *(.eh_frame)
 .eh_frame      0x0000000008003b58        0x0 c:/st/stm32cubeide_1.1.0/stm32cubeide/plugins/com.st.stm32cube.ide.mcu.externaltools.gnu-tools-for-stm32.7-2018-q2-update.win32_1.0.0.201904181610/tools/bin/../lib/gcc/arm-none-eabi/7.3.1/thumb/v6-m/crtbegin.o
 *(.init)
 .init          0x0000000008003b58        0x4 c:/st/stm32cubeide_1.1.0/stm32cubeide/plugins/com.st.stm32cube.ide.mcu.externaltools.gnu-tools-for-stm32.7-2018-q2-update.win32_1.0.0.201904181610/tools/bin/../lib/gcc/arm-none-eabi/7.3.1/thumb/v6-m/crti.o
                0x0000000008003b58                _init
 .init          0x0000000008003b5c        0x8 c:/st/stm32cubeide_1.1.0/stm32cubeide/plugins/com.st.stm32cube.ide.mcu.externaltools.gnu-tools-for-stm32.7-2018-q2-update.win32_1.0.0.201904181610/tools/bin/../lib/gcc/arm-none-eabi/7.3.1/thumb/v6-m/crtn.o
 *(.fini)
 .fini          0x0000000008003b64        0x4 c:/st/stm32cubeide_1.1.0/stm32cubeide/plugins/com.st.stm32cube.ide.mcu.externaltools.gnu-tools-for-stm32.7-2018-q2-update.win32_1.0.0.201904181610/tools/bin/../lib/gcc/arm-none-eabi/7.3.1/thumb/v6-m/crti.o
                0x0000000008003b64                _fini
 .fini          0x0000000008003b68        0x8 c:/st/stm32cubeide_1.1.0/stm32cubeide/plugins/com.st.stm32cube.ide.mcu.externaltools.gnu-tools-for-stm32.7-2018-q2-update.win32_1.0.0.201904181610/tools/bin/../lib/gcc/arm-none-eabi/7.3.1/thumb/v6-m/crtn.o
                0x0000000008003b70                . = ALIGN (0x4)
                0x0000000008003b70                _etext = .

.vfp11_veneer   0x0000000008003b70        0x0
 .vfp11_veneer  0x0000000008003b70        0x0 linker stubs

.v4_bx          0x0000000008003b70        0x0
 .v4_bx         0x0000000008003b70        0x0 linker stubs

.iplt           0x0000000008003b70        0x0
 .iplt          0x0000000008003b70        0x0 c:/st/stm32cubeide_1.1.0/stm32cubeide/plugins/com.st.stm32cube.ide.mcu.externaltools.gnu-tools-for-stm32.7-2018-q2-update.win32_1.0.0.201904181610/tools/bin/../lib/gcc/arm-none-eabi/7.3.1/thumb/v6-m/crtbegin.o

.rodata         0x0000000008003b70      0xe20
                0x0000000008003b70                . = ALIGN (0x4)
 *(.rodata)
 .rodata        0x0000000008003b70       0x20 Drivers/STM32F0xx_HAL_Driver/Src/stm32f0xx_hal_rcc.o
 .rodata        0x0000000008003b90       0x40 c:/st/stm32cubeide_1.1.0/stm32cubeide/plugins/com.st.stm32cube.ide.mcu.externaltools.gnu-tools-for-stm32.7-2018-q2-update.win32_1.0.0.201904181610/tools/bin/../lib/gcc/arm-none-eabi/7.3.1/thumb/v6-m\libgcc.a(mulsf3.o)
 *(.rodata*)
 .rodata.main.str1.1
                0x0000000008003bd0       0x11 Core/Src/main.o
 .rodata.AHBPrescTable
                0x0000000008003be1       0x10 Core/Src/system_stm32f0xx.o
                0x0000000008003be1                AHBPrescTable
 .rodata.APBPrescTable
                0x0000000008003bf1        0x8 Core/Src/system_stm32f0xx.o
                0x0000000008003bf1                APBPrescTable
 *fill*         0x0000000008003bf9        0x1 
 .rodata.Font11x18
                0x0000000008003bfa      0xd5c Drivers/SSD1306/ssd1306_fonts.o
 .rodata.CSWTCH.58
                0x0000000008004956        0x4 Drivers/STM32F0xx_HAL_Driver/Src/stm32f0xx_hal_uart.o
 .rodata._svfprintf_r.str1.1
                0x000000000800495a       0x11 c:/st/stm32cubeide_1.1.0/stm32cubeide/plugins/com.st.stm32cube.ide.mcu.externaltools.gnu-tools-for-stm32.7-2018-q2-update.win32_1.0.0.201904181610/tools/bin/../lib/gcc/arm-none-eabi/7.3.1/../../../../arm-none-eabi/lib/thumb/v6-m\libc_nano.a(lib_a-nano-svfprintf.o)
 .rodata._printf_i.str1.1
                0x000000000800496b       0x22 c:/st/stm32cubeide_1.1.0/stm32cubeide/plugins/com.st.stm32cube.ide.mcu.externaltools.gnu-tools-for-stm32.7-2018-q2-update.win32_1.0.0.201904181610/tools/bin/../lib/gcc/arm-none-eabi/7.3.1/../../../../arm-none-eabi/lib/thumb/v6-m\libc_nano.a(lib_a-nano-vfprintf_i.o)
                0x0000000008004990                . = ALIGN (0x4)
 *fill*         0x000000000800498d        0x3 

.rel.dyn        0x0000000008004990        0x0
 .rel.iplt      0x0000000008004990        0x0 c:/st/stm32cubeide_1.1.0/stm32cubeide/plugins/com.st.stm32cube.ide.mcu.externaltools.gnu-tools-for-stm32.7-2018-q2-update.win32_1.0.0.201904181610/tools/bin/../lib/gcc/arm-none-eabi/7.3.1/thumb/v6-m/crtbegin.o

.ARM.extab      0x0000000008004990        0x0
                0x0000000008004990                . = ALIGN (0x4)
 *(.ARM.extab* .gnu.linkonce.armextab.*)
                0x0000000008004990                . = ALIGN (0x4)

.ARM            0x0000000008004990        0x0
                0x0000000008004990                . = ALIGN (0x4)
                0x0000000008004990                __exidx_start = .
 *(.ARM.exidx*)
                0x0000000008004990                __exidx_end = .
                0x0000000008004990                . = ALIGN (0x4)

.preinit_array  0x0000000008004990        0x0
                0x0000000008004990                . = ALIGN (0x4)
                0x0000000008004990                PROVIDE (__preinit_array_start = .)
 *(.preinit_array*)
                0x0000000008004990                PROVIDE (__preinit_array_end = .)
                0x0000000008004990                . = ALIGN (0x4)

.init_array     0x0000000008004990        0x4
                0x0000000008004990                . = ALIGN (0x4)
                0x0000000008004990                PROVIDE (__init_array_start = .)
 *(SORT_BY_NAME(.init_array.*))
 *(.init_array*)
 .init_array    0x0000000008004990        0x4 c:/st/stm32cubeide_1.1.0/stm32cubeide/plugins/com.st.stm32cube.ide.mcu.externaltools.gnu-tools-for-stm32.7-2018-q2-update.win32_1.0.0.201904181610/tools/bin/../lib/gcc/arm-none-eabi/7.3.1/thumb/v6-m/crtbegin.o
                0x0000000008004994                PROVIDE (__init_array_end = .)
                0x0000000008004994                . = ALIGN (0x4)

.fini_array     0x0000000008004994        0x4
                0x0000000008004994                . = ALIGN (0x4)
                [!provide]                        PROVIDE (__fini_array_start = .)
 *(SORT_BY_NAME(.fini_array.*))
 *(.fini_array*)
 .fini_array    0x0000000008004994        0x4 c:/st/stm32cubeide_1.1.0/stm32cubeide/plugins/com.st.stm32cube.ide.mcu.externaltools.gnu-tools-for-stm32.7-2018-q2-update.win32_1.0.0.201904181610/tools/bin/../lib/gcc/arm-none-eabi/7.3.1/thumb/v6-m/crtbegin.o
                [!provide]                        PROVIDE (__fini_array_end = .)
                0x0000000008004998                . = ALIGN (0x4)
                0x0000000008004998                _sidata = LOADADDR (.data)

.data           0x0000000020000000      0x678 load address 0x0000000008004998
                0x0000000020000000                . = ALIGN (0x4)
                0x0000000020000000                _sdata = .
 *(.data)
 *(.data*)
 .data.data     0x0000000020000000      0x200 Core/Src/main.o
                0x0000000020000000                data
 .data.SystemCoreClock
                0x0000000020000200        0x4 Core/Src/system_stm32f0xx.o
                0x0000000020000200                SystemCoreClock
 .data.w        0x0000000020000204      0x400 Drivers/SIMPLE_DSP/simpleDSP_fft.o
                0x0000000020000204                w
 .data.Font_11x18
                0x0000000020000604        0x8 Drivers/SSD1306/ssd1306_fonts.o
                0x0000000020000604                Font_11x18
 .data.uwTickFreq
                0x000000002000060c        0x1 Drivers/STM32F0xx_HAL_Driver/Src/stm32f0xx_hal.o
                0x000000002000060c                uwTickFreq
 *fill*         0x000000002000060d        0x3 
 .data.uwTickPrio
                0x0000000020000610        0x4 Drivers/STM32F0xx_HAL_Driver/Src/stm32f0xx_hal.o
                0x0000000020000610                uwTickPrio
 .data._impure_ptr
                0x0000000020000614        0x4 c:/st/stm32cubeide_1.1.0/stm32cubeide/plugins/com.st.stm32cube.ide.mcu.externaltools.gnu-tools-for-stm32.7-2018-q2-update.win32_1.0.0.201904181610/tools/bin/../lib/gcc/arm-none-eabi/7.3.1/../../../../arm-none-eabi/lib/thumb/v6-m\libc_nano.a(lib_a-impure.o)
                0x0000000020000614                _impure_ptr
 .data.impure_data
                0x0000000020000618       0x60 c:/st/stm32cubeide_1.1.0/stm32cubeide/plugins/com.st.stm32cube.ide.mcu.externaltools.gnu-tools-for-stm32.7-2018-q2-update.win32_1.0.0.201904181610/tools/bin/../lib/gcc/arm-none-eabi/7.3.1/../../../../arm-none-eabi/lib/thumb/v6-m\libc_nano.a(lib_a-impure.o)
                0x0000000020000678                . = ALIGN (0x4)
                0x0000000020000678                _edata = .

.igot.plt       0x0000000020000678        0x0 load address 0x0000000008005010
 .igot.plt      0x0000000020000678        0x0 c:/st/stm32cubeide_1.1.0/stm32cubeide/plugins/com.st.stm32cube.ide.mcu.externaltools.gnu-tools-for-stm32.7-2018-q2-update.win32_1.0.0.201904181610/tools/bin/../lib/gcc/arm-none-eabi/7.3.1/thumb/v6-m/crtbegin.o
                0x0000000020000678                . = ALIGN (0x4)

.bss            0x0000000020000678      0xa80 load address 0x0000000008005010
                0x0000000020000678                _sbss = .
                0x0000000020000678                __bss_start__ = _sbss
 *(.bss)
 .bss           0x0000000020000678       0x1c c:/st/stm32cubeide_1.1.0/stm32cubeide/plugins/com.st.stm32cube.ide.mcu.externaltools.gnu-tools-for-stm32.7-2018-q2-update.win32_1.0.0.201904181610/tools/bin/../lib/gcc/arm-none-eabi/7.3.1/thumb/v6-m/crtbegin.o
 *(.bss*)
 .bss.heap_end.5149
                0x0000000020000694        0x4 Core/Src/sysmem.o
 .bss.SSD1306   0x0000000020000698        0x6 Drivers/SSD1306/ssd1306.o
 .bss.SSD1306_Buffer
                0x000000002000069e      0x400 Drivers/SSD1306/ssd1306.o
 *fill*         0x0000000020000a9e        0x2 
 .bss.__malloc_free_list
                0x0000000020000aa0        0x4 c:/st/stm32cubeide_1.1.0/stm32cubeide/plugins/com.st.stm32cube.ide.mcu.externaltools.gnu-tools-for-stm32.7-2018-q2-update.win32_1.0.0.201904181610/tools/bin/../lib/gcc/arm-none-eabi/7.3.1/../../../../arm-none-eabi/lib/thumb/v6-m\libc_nano.a(lib_a-nano-mallocr.o)
                0x0000000020000aa0                __malloc_free_list
 .bss.__malloc_sbrk_start
                0x0000000020000aa4        0x4 c:/st/stm32cubeide_1.1.0/stm32cubeide/plugins/com.st.stm32cube.ide.mcu.externaltools.gnu-tools-for-stm32.7-2018-q2-update.win32_1.0.0.201904181610/tools/bin/../lib/gcc/arm-none-eabi/7.3.1/../../../../arm-none-eabi/lib/thumb/v6-m\libc_nano.a(lib_a-nano-mallocr.o)
                0x0000000020000aa4                __malloc_sbrk_start
 *(COMMON)
 COMMON         0x0000000020000aa8      0x648 Core/Src/main.o
                0x0000000020000aa8                adcBuffer
                0x0000000020000b28                hi2c1
                0x0000000020000b78                data_magnitude
                0x0000000020000d78                huart2
                0x0000000020000df8                hdma_adc
                0x0000000020000e3c                hpcd_USB_FS
                0x00000000200010b0                hadc
 COMMON         0x00000000200010f0        0x4 Drivers/STM32F0xx_HAL_Driver/Src/stm32f0xx_hal.o
                0x00000000200010f0                uwTick
 COMMON         0x00000000200010f4        0x4 c:/st/stm32cubeide_1.1.0/stm32cubeide/plugins/com.st.stm32cube.ide.mcu.externaltools.gnu-tools-for-stm32.7-2018-q2-update.win32_1.0.0.201904181610/tools/bin/../lib/gcc/arm-none-eabi/7.3.1/../../../../arm-none-eabi/lib/thumb/v6-m\libc_nano.a(lib_a-reent.o)
                0x00000000200010f4                errno
                0x00000000200010f8                . = ALIGN (0x4)
                0x00000000200010f8                _ebss = .
                0x00000000200010f8                __bss_end__ = _ebss

._user_heap_stack
                0x00000000200010f8      0x200 load address 0x0000000008005010
                0x00000000200010f8                . = ALIGN (0x8)
                0x00000000200010f8                PROVIDE (end = .)
                [!provide]                        PROVIDE (_end = .)
                0x00000000200011f8                . = (. + _Min_Heap_Size)
 *fill*         0x00000000200010f8      0x100 
                0x00000000200012f8                . = (. + _Min_Stack_Size)
 *fill*         0x00000000200011f8      0x100 
                0x00000000200012f8                . = ALIGN (0x8)

/DISCARD/
 libc.a(*)
 libm.a(*)
 libgcc.a(*)

.ARM.attributes
                0x0000000000000000       0x28
 *(.ARM.attributes)
 .ARM.attributes
                0x0000000000000000       0x1e c:/st/stm32cubeide_1.1.0/stm32cubeide/plugins/com.st.stm32cube.ide.mcu.externaltools.gnu-tools-for-stm32.7-2018-q2-update.win32_1.0.0.201904181610/tools/bin/../lib/gcc/arm-none-eabi/7.3.1/thumb/v6-m/crti.o
 .ARM.attributes
                0x000000000000001e       0x2c c:/st/stm32cubeide_1.1.0/stm32cubeide/plugins/com.st.stm32cube.ide.mcu.externaltools.gnu-tools-for-stm32.7-2018-q2-update.win32_1.0.0.201904181610/tools/bin/../lib/gcc/arm-none-eabi/7.3.1/thumb/v6-m/crtbegin.o
 .ARM.attributes
                0x000000000000004a       0x31 Core/Src/main.o
 .ARM.attributes
                0x000000000000007b       0x31 Core/Src/stm32f0xx_hal_msp.o
 .ARM.attributes
                0x00000000000000ac       0x31 Core/Src/stm32f0xx_it.o
 .ARM.attributes
                0x00000000000000dd       0x31 Core/Src/sysmem.o
 .ARM.attributes
                0x000000000000010e       0x31 Core/Src/system_stm32f0xx.o
 .ARM.attributes
                0x000000000000013f       0x21 Core/Startup/startup_stm32f042f6px.o
 .ARM.attributes
                0x0000000000000160       0x31 Drivers/SIMPLE_DSP/simpleDSP_fft.o
 .ARM.attributes
                0x0000000000000191       0x31 Drivers/SSD1306/ssd1306.o
 .ARM.attributes
                0x00000000000001c2       0x31 Drivers/SSD1306/ssd1306_fonts.o
 .ARM.attributes
                0x00000000000001f3       0x31 Drivers/STM32F0xx_HAL_Driver/Src/stm32f0xx_hal.o
 .ARM.attributes
                0x0000000000000224       0x31 Drivers/STM32F0xx_HAL_Driver/Src/stm32f0xx_hal_adc.o
 .ARM.attributes
                0x0000000000000255       0x31 Drivers/STM32F0xx_HAL_Driver/Src/stm32f0xx_hal_cortex.o
 .ARM.attributes
                0x0000000000000286       0x31 Drivers/STM32F0xx_HAL_Driver/Src/stm32f0xx_hal_dma.o
 .ARM.attributes
                0x00000000000002b7       0x31 Drivers/STM32F0xx_HAL_Driver/Src/stm32f0xx_hal_gpio.o
 .ARM.attributes
                0x00000000000002e8       0x31 Drivers/STM32F0xx_HAL_Driver/Src/stm32f0xx_hal_i2c.o
 .ARM.attributes
                0x0000000000000319       0x31 Drivers/STM32F0xx_HAL_Driver/Src/stm32f0xx_hal_i2c_ex.o
 .ARM.attributes
                0x000000000000034a       0x31 Drivers/STM32F0xx_HAL_Driver/Src/stm32f0xx_hal_pcd.o
 .ARM.attributes
                0x000000000000037b       0x31 Drivers/STM32F0xx_HAL_Driver/Src/stm32f0xx_hal_pcd_ex.o
 .ARM.attributes
                0x00000000000003ac       0x31 Drivers/STM32F0xx_HAL_Driver/Src/stm32f0xx_hal_rcc.o
 .ARM.attributes
                0x00000000000003dd       0x31 Drivers/STM32F0xx_HAL_Driver/Src/stm32f0xx_hal_rcc_ex.o
 .ARM.attributes
                0x000000000000040e       0x31 Drivers/STM32F0xx_HAL_Driver/Src/stm32f0xx_hal_uart.o
 .ARM.attributes
                0x000000000000043f       0x31 Drivers/STM32F0xx_HAL_Driver/Src/stm32f0xx_ll_usb.o
 .ARM.attributes
                0x0000000000000470       0x2c c:/st/stm32cubeide_1.1.0/stm32cubeide/plugins/com.st.stm32cube.ide.mcu.externaltools.gnu-tools-for-stm32.7-2018-q2-update.win32_1.0.0.201904181610/tools/bin/../lib/gcc/arm-none-eabi/7.3.1/../../../../arm-none-eabi/lib/thumb/v6-m\libc_nano.a(lib_a-errno.o)
 .ARM.attributes
                0x000000000000049c       0x2c c:/st/stm32cubeide_1.1.0/stm32cubeide/plugins/com.st.stm32cube.ide.mcu.externaltools.gnu-tools-for-stm32.7-2018-q2-update.win32_1.0.0.201904181610/tools/bin/../lib/gcc/arm-none-eabi/7.3.1/../../../../arm-none-eabi/lib/thumb/v6-m\libc_nano.a(lib_a-impure.o)
 .ARM.attributes
                0x00000000000004c8       0x2c c:/st/stm32cubeide_1.1.0/stm32cubeide/plugins/com.st.stm32cube.ide.mcu.externaltools.gnu-tools-for-stm32.7-2018-q2-update.win32_1.0.0.201904181610/tools/bin/../lib/gcc/arm-none-eabi/7.3.1/../../../../arm-none-eabi/lib/thumb/v6-m\libc_nano.a(lib_a-init.o)
 .ARM.attributes
                0x00000000000004f4       0x2c c:/st/stm32cubeide_1.1.0/stm32cubeide/plugins/com.st.stm32cube.ide.mcu.externaltools.gnu-tools-for-stm32.7-2018-q2-update.win32_1.0.0.201904181610/tools/bin/../lib/gcc/arm-none-eabi/7.3.1/../../../../arm-none-eabi/lib/thumb/v6-m\libc_nano.a(lib_a-memcpy-stub.o)
 .ARM.attributes
                0x0000000000000520       0x2c c:/st/stm32cubeide_1.1.0/stm32cubeide/plugins/com.st.stm32cube.ide.mcu.externaltools.gnu-tools-for-stm32.7-2018-q2-update.win32_1.0.0.201904181610/tools/bin/../lib/gcc/arm-none-eabi/7.3.1/../../../../arm-none-eabi/lib/thumb/v6-m\libc_nano.a(lib_a-memmove.o)
 .ARM.attributes
                0x000000000000054c       0x2c c:/st/stm32cubeide_1.1.0/stm32cubeide/plugins/com.st.stm32cube.ide.mcu.externaltools.gnu-tools-for-stm32.7-2018-q2-update.win32_1.0.0.201904181610/tools/bin/../lib/gcc/arm-none-eabi/7.3.1/../../../../arm-none-eabi/lib/thumb/v6-m\libc_nano.a(lib_a-memset.o)
 .ARM.attributes
                0x0000000000000578       0x2c c:/st/stm32cubeide_1.1.0/stm32cubeide/plugins/com.st.stm32cube.ide.mcu.externaltools.gnu-tools-for-stm32.7-2018-q2-update.win32_1.0.0.201904181610/tools/bin/../lib/gcc/arm-none-eabi/7.3.1/../../../../arm-none-eabi/lib/thumb/v6-m\libc_nano.a(lib_a-sprintf.o)
 .ARM.attributes
                0x00000000000005a4       0x2c c:/st/stm32cubeide_1.1.0/stm32cubeide/plugins/com.st.stm32cube.ide.mcu.externaltools.gnu-tools-for-stm32.7-2018-q2-update.win32_1.0.0.201904181610/tools/bin/../lib/gcc/arm-none-eabi/7.3.1/../../../../arm-none-eabi/lib/thumb/v6-m\libc_nano.a(lib_a-nano-svfprintf.o)
 .ARM.attributes
                0x00000000000005d0       0x2c c:/st/stm32cubeide_1.1.0/stm32cubeide/plugins/com.st.stm32cube.ide.mcu.externaltools.gnu-tools-for-stm32.7-2018-q2-update.win32_1.0.0.201904181610/tools/bin/../lib/gcc/arm-none-eabi/7.3.1/../../../../arm-none-eabi/lib/thumb/v6-m\libc_nano.a(lib_a-nano-vfprintf_i.o)
 .ARM.attributes
                0x00000000000005fc       0x2c c:/st/stm32cubeide_1.1.0/stm32cubeide/plugins/com.st.stm32cube.ide.mcu.externaltools.gnu-tools-for-stm32.7-2018-q2-update.win32_1.0.0.201904181610/tools/bin/../lib/gcc/arm-none-eabi/7.3.1/../../../../arm-none-eabi/lib/thumb/v6-m\libc_nano.a(lib_a-memchr-stub.o)
 .ARM.attributes
                0x0000000000000628       0x2c c:/st/stm32cubeide_1.1.0/stm32cubeide/plugins/com.st.stm32cube.ide.mcu.externaltools.gnu-tools-for-stm32.7-2018-q2-update.win32_1.0.0.201904181610/tools/bin/../lib/gcc/arm-none-eabi/7.3.1/../../../../arm-none-eabi/lib/thumb/v6-m\libc_nano.a(lib_a-nano-freer.o)
 .ARM.attributes
                0x0000000000000654       0x2c c:/st/stm32cubeide_1.1.0/stm32cubeide/plugins/com.st.stm32cube.ide.mcu.externaltools.gnu-tools-for-stm32.7-2018-q2-update.win32_1.0.0.201904181610/tools/bin/../lib/gcc/arm-none-eabi/7.3.1/../../../../arm-none-eabi/lib/thumb/v6-m\libc_nano.a(lib_a-nano-mallocr.o)
 .ARM.attributes
                0x0000000000000680       0x2c c:/st/stm32cubeide_1.1.0/stm32cubeide/plugins/com.st.stm32cube.ide.mcu.externaltools.gnu-tools-for-stm32.7-2018-q2-update.win32_1.0.0.201904181610/tools/bin/../lib/gcc/arm-none-eabi/7.3.1/../../../../arm-none-eabi/lib/thumb/v6-m\libc_nano.a(lib_a-nano-reallocr.o)
 .ARM.attributes
                0x00000000000006ac       0x2c c:/st/stm32cubeide_1.1.0/stm32cubeide/plugins/com.st.stm32cube.ide.mcu.externaltools.gnu-tools-for-stm32.7-2018-q2-update.win32_1.0.0.201904181610/tools/bin/../lib/gcc/arm-none-eabi/7.3.1/../../../../arm-none-eabi/lib/thumb/v6-m\libc_nano.a(lib_a-sbrkr.o)
 .ARM.attributes
                0x00000000000006d8       0x2c c:/st/stm32cubeide_1.1.0/stm32cubeide/plugins/com.st.stm32cube.ide.mcu.externaltools.gnu-tools-for-stm32.7-2018-q2-update.win32_1.0.0.201904181610/tools/bin/../lib/gcc/arm-none-eabi/7.3.1/../../../../arm-none-eabi/lib/thumb/v6-m\libc_nano.a(lib_a-mlock.o)
 .ARM.attributes
                0x0000000000000704       0x2c c:/st/stm32cubeide_1.1.0/stm32cubeide/plugins/com.st.stm32cube.ide.mcu.externaltools.gnu-tools-for-stm32.7-2018-q2-update.win32_1.0.0.201904181610/tools/bin/../lib/gcc/arm-none-eabi/7.3.1/../../../../arm-none-eabi/lib/thumb/v6-m\libc_nano.a(lib_a-nano-msizer.o)
 .ARM.attributes
                0x0000000000000730       0x2c c:/st/stm32cubeide_1.1.0/stm32cubeide/plugins/com.st.stm32cube.ide.mcu.externaltools.gnu-tools-for-stm32.7-2018-q2-update.win32_1.0.0.201904181610/tools/bin/../lib/gcc/arm-none-eabi/7.3.1/../../../../arm-none-eabi/lib/thumb/v6-m\libc_nano.a(lib_a-reent.o)
 .ARM.attributes
                0x000000000000075c       0x1e c:/st/stm32cubeide_1.1.0/stm32cubeide/plugins/com.st.stm32cube.ide.mcu.externaltools.gnu-tools-for-stm32.7-2018-q2-update.win32_1.0.0.201904181610/tools/bin/../lib/gcc/arm-none-eabi/7.3.1/thumb/v6-m\libgcc.a(_thumb1_case_sqi.o)
 .ARM.attributes
                0x000000000000077a       0x1e c:/st/stm32cubeide_1.1.0/stm32cubeide/plugins/com.st.stm32cube.ide.mcu.externaltools.gnu-tools-for-stm32.7-2018-q2-update.win32_1.0.0.201904181610/tools/bin/../lib/gcc/arm-none-eabi/7.3.1/thumb/v6-m\libgcc.a(_thumb1_case_uqi.o)
 .ARM.attributes
                0x0000000000000798       0x1e c:/st/stm32cubeide_1.1.0/stm32cubeide/plugins/com.st.stm32cube.ide.mcu.externaltools.gnu-tools-for-stm32.7-2018-q2-update.win32_1.0.0.201904181610/tools/bin/../lib/gcc/arm-none-eabi/7.3.1/thumb/v6-m\libgcc.a(_udivsi3.o)
 .ARM.attributes
                0x00000000000007b6       0x1e c:/st/stm32cubeide_1.1.0/stm32cubeide/plugins/com.st.stm32cube.ide.mcu.externaltools.gnu-tools-for-stm32.7-2018-q2-update.win32_1.0.0.201904181610/tools/bin/../lib/gcc/arm-none-eabi/7.3.1/thumb/v6-m\libgcc.a(_divsi3.o)
 .ARM.attributes
                0x00000000000007d4       0x1e c:/st/stm32cubeide_1.1.0/stm32cubeide/plugins/com.st.stm32cube.ide.mcu.externaltools.gnu-tools-for-stm32.7-2018-q2-update.win32_1.0.0.201904181610/tools/bin/../lib/gcc/arm-none-eabi/7.3.1/thumb/v6-m\libgcc.a(_dvmd_tls.o)
 .ARM.attributes
                0x00000000000007f2       0x1e c:/st/stm32cubeide_1.1.0/stm32cubeide/plugins/com.st.stm32cube.ide.mcu.externaltools.gnu-tools-for-stm32.7-2018-q2-update.win32_1.0.0.201904181610/tools/bin/../lib/gcc/arm-none-eabi/7.3.1/thumb/v6-m\libgcc.a(_arm_cmpdf2.o)
 .ARM.attributes
                0x0000000000000810       0x2c c:/st/stm32cubeide_1.1.0/stm32cubeide/plugins/com.st.stm32cube.ide.mcu.externaltools.gnu-tools-for-stm32.7-2018-q2-update.win32_1.0.0.201904181610/tools/bin/../lib/gcc/arm-none-eabi/7.3.1/thumb/v6-m\libgcc.a(addsf3.o)
 .ARM.attributes
                0x000000000000083c       0x2c c:/st/stm32cubeide_1.1.0/stm32cubeide/plugins/com.st.stm32cube.ide.mcu.externaltools.gnu-tools-for-stm32.7-2018-q2-update.win32_1.0.0.201904181610/tools/bin/../lib/gcc/arm-none-eabi/7.3.1/thumb/v6-m\libgcc.a(mulsf3.o)
 .ARM.attributes
                0x0000000000000868       0x2c c:/st/stm32cubeide_1.1.0/stm32cubeide/plugins/com.st.stm32cube.ide.mcu.externaltools.gnu-tools-for-stm32.7-2018-q2-update.win32_1.0.0.201904181610/tools/bin/../lib/gcc/arm-none-eabi/7.3.1/thumb/v6-m\libgcc.a(subsf3.o)
 .ARM.attributes
                0x0000000000000894       0x2c c:/st/stm32cubeide_1.1.0/stm32cubeide/plugins/com.st.stm32cube.ide.mcu.externaltools.gnu-tools-for-stm32.7-2018-q2-update.win32_1.0.0.201904181610/tools/bin/../lib/gcc/arm-none-eabi/7.3.1/thumb/v6-m\libgcc.a(fixsfsi.o)
 .ARM.attributes
                0x00000000000008c0       0x2c c:/st/stm32cubeide_1.1.0/stm32cubeide/plugins/com.st.stm32cube.ide.mcu.externaltools.gnu-tools-for-stm32.7-2018-q2-update.win32_1.0.0.201904181610/tools/bin/../lib/gcc/arm-none-eabi/7.3.1/thumb/v6-m\libgcc.a(eqdf2.o)
 .ARM.attributes
                0x00000000000008ec       0x2c c:/st/stm32cubeide_1.1.0/stm32cubeide/plugins/com.st.stm32cube.ide.mcu.externaltools.gnu-tools-for-stm32.7-2018-q2-update.win32_1.0.0.201904181610/tools/bin/../lib/gcc/arm-none-eabi/7.3.1/thumb/v6-m\libgcc.a(gedf2.o)
 .ARM.attributes
                0x0000000000000918       0x2c c:/st/stm32cubeide_1.1.0/stm32cubeide/plugins/com.st.stm32cube.ide.mcu.externaltools.gnu-tools-for-stm32.7-2018-q2-update.win32_1.0.0.201904181610/tools/bin/../lib/gcc/arm-none-eabi/7.3.1/thumb/v6-m\libgcc.a(ledf2.o)
 .ARM.attributes
                0x0000000000000944       0x2c c:/st/stm32cubeide_1.1.0/stm32cubeide/plugins/com.st.stm32cube.ide.mcu.externaltools.gnu-tools-for-stm32.7-2018-q2-update.win32_1.0.0.201904181610/tools/bin/../lib/gcc/arm-none-eabi/7.3.1/thumb/v6-m\libgcc.a(fixdfsi.o)
 .ARM.attributes
                0x0000000000000970       0x2c c:/st/stm32cubeide_1.1.0/stm32cubeide/plugins/com.st.stm32cube.ide.mcu.externaltools.gnu-tools-for-stm32.7-2018-q2-update.win32_1.0.0.201904181610/tools/bin/../lib/gcc/arm-none-eabi/7.3.1/thumb/v6-m\libgcc.a(floatsidf.o)
 .ARM.attributes
                0x000000000000099c       0x1e c:/st/stm32cubeide_1.1.0/stm32cubeide/plugins/com.st.stm32cube.ide.mcu.externaltools.gnu-tools-for-stm32.7-2018-q2-update.win32_1.0.0.201904181610/tools/bin/../lib/gcc/arm-none-eabi/7.3.1/thumb/v6-m\libgcc.a(_clzsi2.o)
 .ARM.attributes
                0x00000000000009ba       0x1e c:/st/stm32cubeide_1.1.0/stm32cubeide/plugins/com.st.stm32cube.ide.mcu.externaltools.gnu-tools-for-stm32.7-2018-q2-update.win32_1.0.0.201904181610/tools/bin/../lib/gcc/arm-none-eabi/7.3.1/thumb/v6-m/crtn.o
OUTPUT(stm32f042_dev.elf elf32-littlearm)

.debug_info     0x0000000000000000    0x128c5
 .debug_info    0x0000000000000000     0x24e6 Core/Src/main.o
 .debug_info    0x00000000000024e6     0x1581 Core/Src/stm32f0xx_hal_msp.o
 .debug_info    0x0000000000003a67      0x3ee Core/Src/stm32f0xx_it.o
 .debug_info    0x0000000000003e55      0x936 Core/Src/sysmem.o
 .debug_info    0x000000000000478b      0x2a2 Core/Src/system_stm32f0xx.o
 .debug_info    0x0000000000004a2d       0x22 Core/Startup/startup_stm32f042f6px.o
 .debug_info    0x0000000000004a4f      0x222 Drivers/SIMPLE_DSP/simpleDSP_fft.o
 .debug_info    0x0000000000004c71      0xcfe Drivers/SSD1306/ssd1306.o
 .debug_info    0x000000000000596f      0x1dd Drivers/SSD1306/ssd1306_fonts.o
 .debug_info    0x0000000000005b4c      0x750 Drivers/STM32F0xx_HAL_Driver/Src/stm32f0xx_hal.o
 .debug_info    0x000000000000629c      0xed6 Drivers/STM32F0xx_HAL_Driver/Src/stm32f0xx_hal_adc.o
 .debug_info    0x0000000000007172      0x85e Drivers/STM32F0xx_HAL_Driver/Src/stm32f0xx_hal_cortex.o
 .debug_info    0x00000000000079d0      0x86a Drivers/STM32F0xx_HAL_Driver/Src/stm32f0xx_hal_dma.o
 .debug_info    0x000000000000823a      0x685 Drivers/STM32F0xx_HAL_Driver/Src/stm32f0xx_hal_gpio.o
 .debug_info    0x00000000000088bf     0x3821 Drivers/STM32F0xx_HAL_Driver/Src/stm32f0xx_hal_i2c.o
 .debug_info    0x000000000000c0e0      0x8c8 Drivers/STM32F0xx_HAL_Driver/Src/stm32f0xx_hal_i2c_ex.o
 .debug_info    0x000000000000c9a8     0x12da Drivers/STM32F0xx_HAL_Driver/Src/stm32f0xx_hal_pcd.o
 .debug_info    0x000000000000dc82      0x973 Drivers/STM32F0xx_HAL_Driver/Src/stm32f0xx_hal_pcd_ex.o
 .debug_info    0x000000000000e5f5      0xa5e Drivers/STM32F0xx_HAL_Driver/Src/stm32f0xx_hal_rcc.o
 .debug_info    0x000000000000f053      0x6f9 Drivers/STM32F0xx_HAL_Driver/Src/stm32f0xx_hal_rcc_ex.o
 .debug_info    0x000000000000f74c     0x1bda Drivers/STM32F0xx_HAL_Driver/Src/stm32f0xx_hal_uart.o
 .debug_info    0x0000000000011326     0x159f Drivers/STM32F0xx_HAL_Driver/Src/stm32f0xx_ll_usb.o

.debug_abbrev   0x0000000000000000     0x3069
 .debug_abbrev  0x0000000000000000      0x35a Core/Src/main.o
 .debug_abbrev  0x000000000000035a      0x256 Core/Src/stm32f0xx_hal_msp.o
 .debug_abbrev  0x00000000000005b0      0x197 Core/Src/stm32f0xx_it.o
 .debug_abbrev  0x0000000000000747      0x1e8 Core/Src/sysmem.o
 .debug_abbrev  0x000000000000092f      0x12b Core/Src/system_stm32f0xx.o
 .debug_abbrev  0x0000000000000a5a       0x12 Core/Startup/startup_stm32f042f6px.o
 .debug_abbrev  0x0000000000000a6c       0xee Drivers/SIMPLE_DSP/simpleDSP_fft.o
 .debug_abbrev  0x0000000000000b5a      0x278 Drivers/SSD1306/ssd1306.o
 .debug_abbrev  0x0000000000000dd2       0xb0 Drivers/SSD1306/ssd1306_fonts.o
 .debug_abbrev  0x0000000000000e82      0x26b Drivers/STM32F0xx_HAL_Driver/Src/stm32f0xx_hal.o
 .debug_abbrev  0x00000000000010ed      0x2ef Drivers/STM32F0xx_HAL_Driver/Src/stm32f0xx_hal_adc.o
 .debug_abbrev  0x00000000000013dc      0x272 Drivers/STM32F0xx_HAL_Driver/Src/stm32f0xx_hal_cortex.o
 .debug_abbrev  0x000000000000164e      0x235 Drivers/STM32F0xx_HAL_Driver/Src/stm32f0xx_hal_dma.o
 .debug_abbrev  0x0000000000001883      0x1eb Drivers/STM32F0xx_HAL_Driver/Src/stm32f0xx_hal_gpio.o
 .debug_abbrev  0x0000000000001a6e      0x337 Drivers/STM32F0xx_HAL_Driver/Src/stm32f0xx_hal_i2c.o
 .debug_abbrev  0x0000000000001da5      0x1c6 Drivers/STM32F0xx_HAL_Driver/Src/stm32f0xx_hal_i2c_ex.o
 .debug_abbrev  0x0000000000001f6b      0x337 Drivers/STM32F0xx_HAL_Driver/Src/stm32f0xx_hal_pcd.o
 .debug_abbrev  0x00000000000022a2      0x25b Drivers/STM32F0xx_HAL_Driver/Src/stm32f0xx_hal_pcd_ex.o
 .debug_abbrev  0x00000000000024fd      0x2a0 Drivers/STM32F0xx_HAL_Driver/Src/stm32f0xx_hal_rcc.o
 .debug_abbrev  0x000000000000279d      0x249 Drivers/STM32F0xx_HAL_Driver/Src/stm32f0xx_hal_rcc_ex.o
 .debug_abbrev  0x00000000000029e6      0x324 Drivers/STM32F0xx_HAL_Driver/Src/stm32f0xx_hal_uart.o
 .debug_abbrev  0x0000000000002d0a      0x35f Drivers/STM32F0xx_HAL_Driver/Src/stm32f0xx_ll_usb.o

.debug_loc      0x0000000000000000     0x9e4b
 .debug_loc     0x0000000000000000       0xce Core/Src/main.o
 .debug_loc     0x00000000000000ce      0x113 Core/Src/stm32f0xx_hal_msp.o
 .debug_loc     0x00000000000001e1       0x4a Core/Src/sysmem.o
 .debug_loc     0x000000000000022b       0xe7 Core/Src/system_stm32f0xx.o
 .debug_loc     0x0000000000000312      0x706 Drivers/SIMPLE_DSP/simpleDSP_fft.o
 .debug_loc     0x0000000000000a18      0x21e Drivers/SSD1306/ssd1306.o
 .debug_loc     0x0000000000000c36       0xef Drivers/STM32F0xx_HAL_Driver/Src/stm32f0xx_hal.o
 .debug_loc     0x0000000000000d25      0xaac Drivers/STM32F0xx_HAL_Driver/Src/stm32f0xx_hal_adc.o
 .debug_loc     0x00000000000017d1      0x394 Drivers/STM32F0xx_HAL_Driver/Src/stm32f0xx_hal_cortex.o
 .debug_loc     0x0000000000001b65      0x813 Drivers/STM32F0xx_HAL_Driver/Src/stm32f0xx_hal_dma.o
 .debug_loc     0x0000000000002378      0x302 Drivers/STM32F0xx_HAL_Driver/Src/stm32f0xx_hal_gpio.o
 .debug_loc     0x000000000000267a     0x382d Drivers/STM32F0xx_HAL_Driver/Src/stm32f0xx_hal_i2c.o
 .debug_loc     0x0000000000005ea7      0x1bc Drivers/STM32F0xx_HAL_Driver/Src/stm32f0xx_hal_i2c_ex.o
 .debug_loc     0x0000000000006063      0x99f Drivers/STM32F0xx_HAL_Driver/Src/stm32f0xx_hal_pcd.o
 .debug_loc     0x0000000000006a02      0x28f Drivers/STM32F0xx_HAL_Driver/Src/stm32f0xx_hal_pcd_ex.o
 .debug_loc     0x0000000000006c91      0x467 Drivers/STM32F0xx_HAL_Driver/Src/stm32f0xx_hal_rcc.o
 .debug_loc     0x00000000000070f8      0x588 Drivers/STM32F0xx_HAL_Driver/Src/stm32f0xx_hal_rcc_ex.o
 .debug_loc     0x0000000000007680     0x14c8 Drivers/STM32F0xx_HAL_Driver/Src/stm32f0xx_hal_uart.o
 .debug_loc     0x0000000000008b48     0x1303 Drivers/STM32F0xx_HAL_Driver/Src/stm32f0xx_ll_usb.o

.debug_aranges  0x0000000000000000      0xbe8
 .debug_aranges
                0x0000000000000000       0x38 Core/Src/main.o
 .debug_aranges
                0x0000000000000038       0x60 Core/Src/stm32f0xx_hal_msp.o
 .debug_aranges
                0x0000000000000098       0x38 Core/Src/stm32f0xx_it.o
 .debug_aranges
                0x00000000000000d0       0x20 Core/Src/sysmem.o
 .debug_aranges
                0x00000000000000f0       0x28 Core/Src/system_stm32f0xx.o
 .debug_aranges
                0x0000000000000118       0x28 Core/Startup/startup_stm32f042f6px.o
 .debug_aranges
                0x0000000000000140       0x28 Drivers/SIMPLE_DSP/simpleDSP_fft.o
 .debug_aranges
                0x0000000000000168       0x68 Drivers/SSD1306/ssd1306.o
 .debug_aranges
                0x00000000000001d0       0x18 Drivers/SSD1306/ssd1306_fonts.o
 .debug_aranges
                0x00000000000001e8       0xc8 Drivers/STM32F0xx_HAL_Driver/Src/stm32f0xx_hal.o
 .debug_aranges
                0x00000000000002b0       0xd0 Drivers/STM32F0xx_HAL_Driver/Src/stm32f0xx_hal_adc.o
 .debug_aranges
                0x0000000000000380       0x78 Drivers/STM32F0xx_HAL_Driver/Src/stm32f0xx_hal_cortex.o
 .debug_aranges
                0x00000000000003f8       0x78 Drivers/STM32F0xx_HAL_Driver/Src/stm32f0xx_hal_dma.o
 .debug_aranges
                0x0000000000000470       0x58 Drivers/STM32F0xx_HAL_Driver/Src/stm32f0xx_hal_gpio.o
 .debug_aranges
                0x00000000000004c8      0x238 Drivers/STM32F0xx_HAL_Driver/Src/stm32f0xx_hal_i2c.o
 .debug_aranges
                0x0000000000000700       0x48 Drivers/STM32F0xx_HAL_Driver/Src/stm32f0xx_hal_i2c_ex.o
 .debug_aranges
                0x0000000000000748       0xc0 Drivers/STM32F0xx_HAL_Driver/Src/stm32f0xx_hal_pcd.o
 .debug_aranges
                0x0000000000000808       0x50 Drivers/STM32F0xx_HAL_Driver/Src/stm32f0xx_hal_pcd_ex.o
 .debug_aranges
                0x0000000000000858       0x80 Drivers/STM32F0xx_HAL_Driver/Src/stm32f0xx_hal_rcc.o
 .debug_aranges
                0x00000000000008d8       0x68 Drivers/STM32F0xx_HAL_Driver/Src/stm32f0xx_hal_rcc_ex.o
 .debug_aranges
                0x0000000000000940      0x1b8 Drivers/STM32F0xx_HAL_Driver/Src/stm32f0xx_hal_uart.o
 .debug_aranges
                0x0000000000000af8       0xf0 Drivers/STM32F0xx_HAL_Driver/Src/stm32f0xx_ll_usb.o

.debug_ranges   0x0000000000000000     0x10c0
 .debug_ranges  0x0000000000000000       0xc8 Core/Src/main.o
 .debug_ranges  0x00000000000000c8      0x148 Core/Src/stm32f0xx_hal_msp.o
 .debug_ranges  0x0000000000000210       0x28 Core/Src/stm32f0xx_it.o
 .debug_ranges  0x0000000000000238       0x10 Core/Src/sysmem.o
 .debug_ranges  0x0000000000000248       0x18 Core/Src/system_stm32f0xx.o
 .debug_ranges  0x0000000000000260       0x20 Core/Startup/startup_stm32f042f6px.o
 .debug_ranges  0x0000000000000280       0x18 Drivers/SIMPLE_DSP/simpleDSP_fft.o
 .debug_ranges  0x0000000000000298       0x58 Drivers/SSD1306/ssd1306.o
 .debug_ranges  0x00000000000002f0       0xb8 Drivers/STM32F0xx_HAL_Driver/Src/stm32f0xx_hal.o
 .debug_ranges  0x00000000000003a8       0xc0 Drivers/STM32F0xx_HAL_Driver/Src/stm32f0xx_hal_adc.o
 .debug_ranges  0x0000000000000468       0xb8 Drivers/STM32F0xx_HAL_Driver/Src/stm32f0xx_hal_cortex.o
 .debug_ranges  0x0000000000000520       0xf8 Drivers/STM32F0xx_HAL_Driver/Src/stm32f0xx_hal_dma.o
 .debug_ranges  0x0000000000000618       0x70 Drivers/STM32F0xx_HAL_Driver/Src/stm32f0xx_hal_gpio.o
 .debug_ranges  0x0000000000000688      0x270 Drivers/STM32F0xx_HAL_Driver/Src/stm32f0xx_hal_i2c.o
 .debug_ranges  0x00000000000008f8       0x78 Drivers/STM32F0xx_HAL_Driver/Src/stm32f0xx_hal_i2c_ex.o
 .debug_ranges  0x0000000000000970      0x160 Drivers/STM32F0xx_HAL_Driver/Src/stm32f0xx_hal_pcd.o
 .debug_ranges  0x0000000000000ad0       0x40 Drivers/STM32F0xx_HAL_Driver/Src/stm32f0xx_hal_pcd_ex.o
 .debug_ranges  0x0000000000000b10       0xa0 Drivers/STM32F0xx_HAL_Driver/Src/stm32f0xx_hal_rcc.o
 .debug_ranges  0x0000000000000bb0       0x78 Drivers/STM32F0xx_HAL_Driver/Src/stm32f0xx_hal_rcc_ex.o
 .debug_ranges  0x0000000000000c28      0x1a8 Drivers/STM32F0xx_HAL_Driver/Src/stm32f0xx_hal_uart.o
 .debug_ranges  0x0000000000000dd0      0x2f0 Drivers/STM32F0xx_HAL_Driver/Src/stm32f0xx_ll_usb.o

.debug_macro    0x0000000000000000    0x16823
 .debug_macro   0x0000000000000000      0x3ca Core/Src/main.o
 .debug_macro   0x00000000000003ca      0xa5a Core/Src/main.o
 .debug_macro   0x0000000000000e24      0x139 Core/Src/main.o
 .debug_macro   0x0000000000000f5d       0x28 Core/Src/main.o
 .debug_macro   0x0000000000000f85       0x22 Core/Src/main.o
 .debug_macro   0x0000000000000fa7       0x22 Core/Src/main.o
 .debug_macro   0x0000000000000fc9       0x8e Core/Src/main.o
 .debug_macro   0x0000000000001057       0x51 Core/Src/main.o
 .debug_macro   0x00000000000010a8       0xef Core/Src/main.o
 .debug_macro   0x0000000000001197       0x6a Core/Src/main.o
 .debug_macro   0x0000000000001201      0x1df Core/Src/main.o
 .debug_macro   0x00000000000013e0       0x1c Core/Src/main.o
 .debug_macro   0x00000000000013fc       0x22 Core/Src/main.o
 .debug_macro   0x000000000000141e       0xb5 Core/Src/main.o
 .debug_macro   0x00000000000014d3      0x391 Core/Src/main.o
 .debug_macro   0x0000000000001864     0xf1e6 Core/Src/main.o
 .debug_macro   0x0000000000010a4a       0x3c Core/Src/main.o
 .debug_macro   0x0000000000010a86      0x174 Core/Src/main.o
 .debug_macro   0x0000000000010bfa       0x53 Core/Src/main.o
 .debug_macro   0x0000000000010c4d      0x946 Core/Src/main.o
 .debug_macro   0x0000000000011593      0x46b Core/Src/main.o
 .debug_macro   0x00000000000119fe      0x12f Core/Src/main.o
 .debug_macro   0x0000000000011b2d      0x130 Core/Src/main.o
 .debug_macro   0x0000000000011c5d      0x199 Core/Src/main.o
 .debug_macro   0x0000000000011df6      0x1ed Core/Src/main.o
 .debug_macro   0x0000000000011fe3       0x34 Core/Src/main.o
 .debug_macro   0x0000000000012017       0x43 Core/Src/main.o
 .debug_macro   0x000000000001205a       0x28 Core/Src/main.o
 .debug_macro   0x0000000000012082      0x33d Core/Src/main.o
 .debug_macro   0x00000000000123bf       0xce Core/Src/main.o
 .debug_macro   0x000000000001248d       0xb0 Core/Src/main.o
 .debug_macro   0x000000000001253d      0x182 Core/Src/main.o
 .debug_macro   0x00000000000126bf      0x22c Core/Src/main.o
 .debug_macro   0x00000000000128eb       0x5f Core/Src/main.o
 .debug_macro   0x000000000001294a       0xa5 Core/Src/main.o
 .debug_macro   0x00000000000129ef       0x65 Core/Src/main.o
 .debug_macro   0x0000000000012a54      0x234 Core/Src/main.o
 .debug_macro   0x0000000000012c88       0x4c Core/Src/main.o
 .debug_macro   0x0000000000012cd4      0x15b Core/Src/main.o
 .debug_macro   0x0000000000012e2f      0x589 Core/Src/main.o
 .debug_macro   0x00000000000133b8       0x44 Core/Src/main.o
 .debug_macro   0x00000000000133fc      0x12e Core/Src/main.o
 .debug_macro   0x000000000001352a       0x10 Core/Src/main.o
 .debug_macro   0x000000000001353a       0x46 Core/Src/main.o
 .debug_macro   0x0000000000013580       0x18 Core/Src/main.o
 .debug_macro   0x0000000000013598       0x3c Core/Src/main.o
 .debug_macro   0x00000000000135d4       0x34 Core/Src/main.o
 .debug_macro   0x0000000000013608       0x52 Core/Src/main.o
 .debug_macro   0x000000000001365a       0x1f Core/Src/main.o
 .debug_macro   0x0000000000013679       0x43 Core/Src/main.o
 .debug_macro   0x00000000000136bc       0x20 Core/Src/main.o
 .debug_macro   0x00000000000136dc      0x1a3 Core/Src/main.o
 .debug_macro   0x000000000001387f      0x32a Core/Src/main.o
 .debug_macro   0x0000000000013ba9      0x1e1 Core/Src/main.o
 .debug_macro   0x0000000000013d8a       0x16 Core/Src/main.o
 .debug_macro   0x0000000000013da0       0x35 Core/Src/main.o
 .debug_macro   0x0000000000013dd5       0x16 Core/Src/main.o
 .debug_macro   0x0000000000013deb       0x29 Core/Src/main.o
 .debug_macro   0x0000000000013e14       0x1c Core/Src/main.o
 .debug_macro   0x0000000000013e30       0x10 Core/Src/main.o
 .debug_macro   0x0000000000013e40       0x10 Core/Src/main.o
 .debug_macro   0x0000000000013e50       0x1c Core/Src/main.o
 .debug_macro   0x0000000000013e6c       0x52 Core/Src/main.o
 .debug_macro   0x0000000000013ebe       0x40 Core/Src/main.o
 .debug_macro   0x0000000000013efe       0x10 Core/Src/main.o
 .debug_macro   0x0000000000013f0e       0x40 Core/Src/main.o
 .debug_macro   0x0000000000013f4e       0xd7 Core/Src/main.o
 .debug_macro   0x0000000000014025       0x1c Core/Src/main.o
 .debug_macro   0x0000000000014041       0x3d Core/Src/main.o
 .debug_macro   0x000000000001407e       0x16 Core/Src/main.o
 .debug_macro   0x0000000000014094      0x145 Core/Src/main.o
 .debug_macro   0x00000000000141d9       0x46 Core/Src/main.o
 .debug_macro   0x000000000001421f      0x1eb Core/Src/stm32f0xx_hal_msp.o
 .debug_macro   0x000000000001440a      0x1f5 Core/Src/stm32f0xx_it.o
 .debug_macro   0x00000000000145ff      0x1ae Core/Src/sysmem.o
 .debug_macro   0x00000000000147ad      0x23b Core/Src/sysmem.o
 .debug_macro   0x00000000000149e8       0x16 Core/Src/sysmem.o
 .debug_macro   0x00000000000149fe      0x1dc Core/Src/system_stm32f0xx.o
 .debug_macro   0x0000000000014bda       0x25 Drivers/SIMPLE_DSP/simpleDSP_fft.o
 .debug_macro   0x0000000000014bff      0x1f9 Drivers/SSD1306/ssd1306.o
 .debug_macro   0x0000000000014df8       0x6d Drivers/SSD1306/ssd1306_fonts.o
 .debug_macro   0x0000000000014e65      0x200 Drivers/STM32F0xx_HAL_Driver/Src/stm32f0xx_hal.o
 .debug_macro   0x0000000000015065      0x200 Drivers/STM32F0xx_HAL_Driver/Src/stm32f0xx_hal_adc.o
 .debug_macro   0x0000000000015265      0x1dc Drivers/STM32F0xx_HAL_Driver/Src/stm32f0xx_hal_cortex.o
 .debug_macro   0x0000000000015441      0x1dc Drivers/STM32F0xx_HAL_Driver/Src/stm32f0xx_hal_dma.o
 .debug_macro   0x000000000001561d      0x214 Drivers/STM32F0xx_HAL_Driver/Src/stm32f0xx_hal_gpio.o
 .debug_macro   0x0000000000015831      0x2a1 Drivers/STM32F0xx_HAL_Driver/Src/stm32f0xx_hal_i2c.o
 .debug_macro   0x0000000000015ad2      0x1dc Drivers/STM32F0xx_HAL_Driver/Src/stm32f0xx_hal_i2c_ex.o
 .debug_macro   0x0000000000015cae      0x1e8 Drivers/STM32F0xx_HAL_Driver/Src/stm32f0xx_hal_pcd.o
 .debug_macro   0x0000000000015e96      0x1dc Drivers/STM32F0xx_HAL_Driver/Src/stm32f0xx_hal_pcd_ex.o
 .debug_macro   0x0000000000016072      0x1ee Drivers/STM32F0xx_HAL_Driver/Src/stm32f0xx_hal_rcc.o
 .debug_macro   0x0000000000016260      0x1ee Drivers/STM32F0xx_HAL_Driver/Src/stm32f0xx_hal_rcc_ex.o
 .debug_macro   0x000000000001644e      0x1f9 Drivers/STM32F0xx_HAL_Driver/Src/stm32f0xx_hal_uart.o
 .debug_macro   0x0000000000016647      0x1dc Drivers/STM32F0xx_HAL_Driver/Src/stm32f0xx_ll_usb.o

.debug_line     0x0000000000000000     0xd133
 .debug_line    0x0000000000000000      0xb24 Core/Src/main.o
 .debug_line    0x0000000000000b24      0x803 Core/Src/stm32f0xx_hal_msp.o
 .debug_line    0x0000000000001327      0x723 Core/Src/stm32f0xx_it.o
 .debug_line    0x0000000000001a4a      0x563 Core/Src/sysmem.o
 .debug_line    0x0000000000001fad      0x70a Core/Src/system_stm32f0xx.o
 .debug_line    0x00000000000026b7       0x9b Core/Startup/startup_stm32f042f6px.o
 .debug_line    0x0000000000002752      0x245 Drivers/SIMPLE_DSP/simpleDSP_fft.o
 .debug_line    0x0000000000002997      0x820 Drivers/SSD1306/ssd1306.o
 .debug_line    0x00000000000031b7      0x395 Drivers/SSD1306/ssd1306_fonts.o
 .debug_line    0x000000000000354c      0x8ac Drivers/STM32F0xx_HAL_Driver/Src/stm32f0xx_hal.o
 .debug_line    0x0000000000003df8      0xc8b Drivers/STM32F0xx_HAL_Driver/Src/stm32f0xx_hal_adc.o
 .debug_line    0x0000000000004a83      0x863 Drivers/STM32F0xx_HAL_Driver/Src/stm32f0xx_hal_cortex.o
 .debug_line    0x00000000000052e6      0x9bd Drivers/STM32F0xx_HAL_Driver/Src/stm32f0xx_hal_dma.o
 .debug_line    0x0000000000005ca3      0x855 Drivers/STM32F0xx_HAL_Driver/Src/stm32f0xx_hal_gpio.o
 .debug_line    0x00000000000064f8     0x1f0f Drivers/STM32F0xx_HAL_Driver/Src/stm32f0xx_hal_i2c.o
 .debug_line    0x0000000000008407      0x84f Drivers/STM32F0xx_HAL_Driver/Src/stm32f0xx_hal_i2c_ex.o
 .debug_line    0x0000000000008c56      0xafa Drivers/STM32F0xx_HAL_Driver/Src/stm32f0xx_hal_pcd.o
 .debug_line    0x0000000000009750      0x7ce Drivers/STM32F0xx_HAL_Driver/Src/stm32f0xx_hal_pcd_ex.o
 .debug_line    0x0000000000009f1e      0xaa3 Drivers/STM32F0xx_HAL_Driver/Src/stm32f0xx_hal_rcc.o
 .debug_line    0x000000000000a9c1      0x935 Drivers/STM32F0xx_HAL_Driver/Src/stm32f0xx_hal_rcc_ex.o
 .debug_line    0x000000000000b2f6     0x1347 Drivers/STM32F0xx_HAL_Driver/Src/stm32f0xx_hal_uart.o
 .debug_line    0x000000000000c63d      0xaf6 Drivers/STM32F0xx_HAL_Driver/Src/stm32f0xx_ll_usb.o

.debug_str      0x0000000000000000    0x79564
 .debug_str     0x0000000000000000    0x75cde Core/Src/main.o
                                      0x760d9 (size before relaxing)
 .debug_str     0x0000000000075cde      0x111 Core/Src/stm32f0xx_hal_msp.o
                                      0x70f56 (size before relaxing)
 .debug_str     0x0000000000075def       0x95 Core/Src/stm32f0xx_it.o
                                      0x704b7 (size before relaxing)
 .debug_str     0x0000000000075e84      0x4d9 Core/Src/sysmem.o
                                       0x7a95 (size before relaxing)
 .debug_str     0x000000000007635d       0x5f Core/Src/system_stm32f0xx.o
                                      0x702aa (size before relaxing)
 .debug_str     0x00000000000763bc       0x36 Core/Startup/startup_stm32f042f6px.o
                                         0x89 (size before relaxing)
 .debug_str     0x00000000000763f2       0x64 Drivers/SIMPLE_DSP/simpleDSP_fft.o
                                       0x2d30 (size before relaxing)
 .debug_str     0x0000000000076456      0x10f Drivers/SSD1306/ssd1306.o
                                      0x709a3 (size before relaxing)
 .debug_str     0x0000000000076565       0x48 Drivers/SSD1306/ssd1306_fonts.o
                                       0x3c49 (size before relaxing)
 .debug_str     0x00000000000765ad      0x375 Drivers/STM32F0xx_HAL_Driver/Src/stm32f0xx_hal.o
                                      0x707fc (size before relaxing)
 .debug_str     0x0000000000076922      0x34f Drivers/STM32F0xx_HAL_Driver/Src/stm32f0xx_hal_adc.o
                                      0x709d5 (size before relaxing)
 .debug_str     0x0000000000076c71      0x1b3 Drivers/STM32F0xx_HAL_Driver/Src/stm32f0xx_hal_cortex.o
                                      0x70688 (size before relaxing)
 .debug_str     0x0000000000076e24      0x1fa Drivers/STM32F0xx_HAL_Driver/Src/stm32f0xx_hal_dma.o
                                      0x7068e (size before relaxing)
 .debug_str     0x000000000007701e      0x1af Drivers/STM32F0xx_HAL_Driver/Src/stm32f0xx_hal_gpio.o
                                      0x70546 (size before relaxing)
 .debug_str     0x00000000000771cd      0xdbc Drivers/STM32F0xx_HAL_Driver/Src/stm32f0xx_hal_i2c.o
                                      0x71537 (size before relaxing)
 .debug_str     0x0000000000077f89       0xb8 Drivers/STM32F0xx_HAL_Driver/Src/stm32f0xx_hal_i2c_ex.o
                                      0x70848 (size before relaxing)
 .debug_str     0x0000000000078041      0x4e3 Drivers/STM32F0xx_HAL_Driver/Src/stm32f0xx_hal_pcd.o
                                      0x70af5 (size before relaxing)
 .debug_str     0x0000000000078524      0x199 Drivers/STM32F0xx_HAL_Driver/Src/stm32f0xx_hal_pcd_ex.o
                                      0x707d0 (size before relaxing)
 .debug_str     0x00000000000786bd      0x234 Drivers/STM32F0xx_HAL_Driver/Src/stm32f0xx_hal_rcc.o
                                      0x706fe (size before relaxing)
 .debug_str     0x00000000000788f1      0x2b8 Drivers/STM32F0xx_HAL_Driver/Src/stm32f0xx_hal_rcc_ex.o
                                      0x706c0 (size before relaxing)
 .debug_str     0x0000000000078ba9      0x7df Drivers/STM32F0xx_HAL_Driver/Src/stm32f0xx_hal_uart.o
                                      0x70f53 (size before relaxing)
 .debug_str     0x0000000000079388      0x1dc Drivers/STM32F0xx_HAL_Driver/Src/stm32f0xx_ll_usb.o
                                      0x707a0 (size before relaxing)

.comment        0x0000000000000000       0x7b
 .comment       0x0000000000000000       0x7b Core/Src/main.o
                                         0x7c (size before relaxing)
 .comment       0x000000000000007b       0x7c Core/Src/stm32f0xx_hal_msp.o
 .comment       0x000000000000007b       0x7c Core/Src/stm32f0xx_it.o
 .comment       0x000000000000007b       0x7c Core/Src/sysmem.o
 .comment       0x000000000000007b       0x7c Core/Src/system_stm32f0xx.o
 .comment       0x000000000000007b       0x7c Drivers/SIMPLE_DSP/simpleDSP_fft.o
 .comment       0x000000000000007b       0x7c Drivers/SSD1306/ssd1306.o
 .comment       0x000000000000007b       0x7c Drivers/SSD1306/ssd1306_fonts.o
 .comment       0x000000000000007b       0x7c Drivers/STM32F0xx_HAL_Driver/Src/stm32f0xx_hal.o
 .comment       0x000000000000007b       0x7c Drivers/STM32F0xx_HAL_Driver/Src/stm32f0xx_hal_adc.o
 .comment       0x000000000000007b       0x7c Drivers/STM32F0xx_HAL_Driver/Src/stm32f0xx_hal_cortex.o
 .comment       0x000000000000007b       0x7c Drivers/STM32F0xx_HAL_Driver/Src/stm32f0xx_hal_dma.o
 .comment       0x000000000000007b       0x7c Drivers/STM32F0xx_HAL_Driver/Src/stm32f0xx_hal_gpio.o
 .comment       0x000000000000007b       0x7c Drivers/STM32F0xx_HAL_Driver/Src/stm32f0xx_hal_i2c.o
 .comment       0x000000000000007b       0x7c Drivers/STM32F0xx_HAL_Driver/Src/stm32f0xx_hal_i2c_ex.o
 .comment       0x000000000000007b       0x7c Drivers/STM32F0xx_HAL_Driver/Src/stm32f0xx_hal_pcd.o
 .comment       0x000000000000007b       0x7c Drivers/STM32F0xx_HAL_Driver/Src/stm32f0xx_hal_pcd_ex.o
 .comment       0x000000000000007b       0x7c Drivers/STM32F0xx_HAL_Driver/Src/stm32f0xx_hal_rcc.o
 .comment       0x000000000000007b       0x7c Drivers/STM32F0xx_HAL_Driver/Src/stm32f0xx_hal_rcc_ex.o
 .comment       0x000000000000007b       0x7c Drivers/STM32F0xx_HAL_Driver/Src/stm32f0xx_hal_uart.o
 .comment       0x000000000000007b       0x7c Drivers/STM32F0xx_HAL_Driver/Src/stm32f0xx_ll_usb.o

.debug_frame    0x0000000000000000     0x2760
 .debug_frame   0x0000000000000000       0x74 Core/Src/main.o
 .debug_frame   0x0000000000000074       0xe4 Core/Src/stm32f0xx_hal_msp.o
 .debug_frame   0x0000000000000158       0x80 Core/Src/stm32f0xx_it.o
 .debug_frame   0x00000000000001d8       0x28 Core/Src/sysmem.o
 .debug_frame   0x0000000000000200       0x3c Core/Src/system_stm32f0xx.o
 .debug_frame   0x000000000000023c       0x50 Drivers/SIMPLE_DSP/simpleDSP_fft.o
 .debug_frame   0x000000000000028c      0x110 Drivers/SSD1306/ssd1306.o
 .debug_frame   0x000000000000039c      0x1b4 Drivers/STM32F0xx_HAL_Driver/Src/stm32f0xx_hal.o
 .debug_frame   0x0000000000000550      0x2d0 Drivers/STM32F0xx_HAL_Driver/Src/stm32f0xx_hal_adc.o
 .debug_frame   0x0000000000000820       0xe4 Drivers/STM32F0xx_HAL_Driver/Src/stm32f0xx_hal_cortex.o
 .debug_frame   0x0000000000000904      0x158 Drivers/STM32F0xx_HAL_Driver/Src/stm32f0xx_hal_dma.o
 .debug_frame   0x0000000000000a5c       0xbc Drivers/STM32F0xx_HAL_Driver/Src/stm32f0xx_hal_gpio.o
 .debug_frame   0x0000000000000b18      0x85c Drivers/STM32F0xx_HAL_Driver/Src/stm32f0xx_hal_i2c.o
 .debug_frame   0x0000000000001374       0xc0 Drivers/STM32F0xx_HAL_Driver/Src/stm32f0xx_hal_i2c_ex.o
 .debug_frame   0x0000000000001434      0x2d8 Drivers/STM32F0xx_HAL_Driver/Src/stm32f0xx_hal_pcd.o
 .debug_frame   0x000000000000170c       0xb4 Drivers/STM32F0xx_HAL_Driver/Src/stm32f0xx_hal_pcd_ex.o
 .debug_frame   0x00000000000017c0      0x140 Drivers/STM32F0xx_HAL_Driver/Src/stm32f0xx_hal_rcc.o
 .debug_frame   0x0000000000001900      0x108 Drivers/STM32F0xx_HAL_Driver/Src/stm32f0xx_hal_rcc_ex.o
 .debug_frame   0x0000000000001a08      0x5c4 Drivers/STM32F0xx_HAL_Driver/Src/stm32f0xx_hal_uart.o
 .debug_frame   0x0000000000001fcc      0x250 Drivers/STM32F0xx_HAL_Driver/Src/stm32f0xx_ll_usb.o
 .debug_frame   0x000000000000221c       0x20 c:/st/stm32cubeide_1.1.0/stm32cubeide/plugins/com.st.stm32cube.ide.mcu.externaltools.gnu-tools-for-stm32.7-2018-q2-update.win32_1.0.0.201904181610/tools/bin/../lib/gcc/arm-none-eabi/7.3.1/../../../../arm-none-eabi/lib/thumb/v6-m\libc_nano.a(lib_a-errno.o)
 .debug_frame   0x000000000000223c       0x2c c:/st/stm32cubeide_1.1.0/stm32cubeide/plugins/com.st.stm32cube.ide.mcu.externaltools.gnu-tools-for-stm32.7-2018-q2-update.win32_1.0.0.201904181610/tools/bin/../lib/gcc/arm-none-eabi/7.3.1/../../../../arm-none-eabi/lib/thumb/v6-m\libc_nano.a(lib_a-init.o)
 .debug_frame   0x0000000000002268       0x28 c:/st/stm32cubeide_1.1.0/stm32cubeide/plugins/com.st.stm32cube.ide.mcu.externaltools.gnu-tools-for-stm32.7-2018-q2-update.win32_1.0.0.201904181610/tools/bin/../lib/gcc/arm-none-eabi/7.3.1/../../../../arm-none-eabi/lib/thumb/v6-m\libc_nano.a(lib_a-memcpy-stub.o)
 .debug_frame   0x0000000000002290       0x28 c:/st/stm32cubeide_1.1.0/stm32cubeide/plugins/com.st.stm32cube.ide.mcu.externaltools.gnu-tools-for-stm32.7-2018-q2-update.win32_1.0.0.201904181610/tools/bin/../lib/gcc/arm-none-eabi/7.3.1/../../../../arm-none-eabi/lib/thumb/v6-m\libc_nano.a(lib_a-memmove.o)
 .debug_frame   0x00000000000022b8       0x20 c:/st/stm32cubeide_1.1.0/stm32cubeide/plugins/com.st.stm32cube.ide.mcu.externaltools.gnu-tools-for-stm32.7-2018-q2-update.win32_1.0.0.201904181610/tools/bin/../lib/gcc/arm-none-eabi/7.3.1/../../../../arm-none-eabi/lib/thumb/v6-m\libc_nano.a(lib_a-memset.o)
 .debug_frame   0x00000000000022d8       0x48 c:/st/stm32cubeide_1.1.0/stm32cubeide/plugins/com.st.stm32cube.ide.mcu.externaltools.gnu-tools-for-stm32.7-2018-q2-update.win32_1.0.0.201904181610/tools/bin/../lib/gcc/arm-none-eabi/7.3.1/../../../../arm-none-eabi/lib/thumb/v6-m\libc_nano.a(lib_a-sprintf.o)
 .debug_frame   0x0000000000002320       0x74 c:/st/stm32cubeide_1.1.0/stm32cubeide/plugins/com.st.stm32cube.ide.mcu.externaltools.gnu-tools-for-stm32.7-2018-q2-update.win32_1.0.0.201904181610/tools/bin/../lib/gcc/arm-none-eabi/7.3.1/../../../../arm-none-eabi/lib/thumb/v6-m\libc_nano.a(lib_a-nano-svfprintf.o)
 .debug_frame   0x0000000000002394       0x54 c:/st/stm32cubeide_1.1.0/stm32cubeide/plugins/com.st.stm32cube.ide.mcu.externaltools.gnu-tools-for-stm32.7-2018-q2-update.win32_1.0.0.201904181610/tools/bin/../lib/gcc/arm-none-eabi/7.3.1/../../../../arm-none-eabi/lib/thumb/v6-m\libc_nano.a(lib_a-nano-vfprintf_i.o)
 .debug_frame   0x00000000000023e8       0x20 c:/st/stm32cubeide_1.1.0/stm32cubeide/plugins/com.st.stm32cube.ide.mcu.externaltools.gnu-tools-for-stm32.7-2018-q2-update.win32_1.0.0.201904181610/tools/bin/../lib/gcc/arm-none-eabi/7.3.1/../../../../arm-none-eabi/lib/thumb/v6-m\libc_nano.a(lib_a-memchr-stub.o)
 .debug_frame   0x0000000000002408       0x2c c:/st/stm32cubeide_1.1.0/stm32cubeide/plugins/com.st.stm32cube.ide.mcu.externaltools.gnu-tools-for-stm32.7-2018-q2-update.win32_1.0.0.201904181610/tools/bin/../lib/gcc/arm-none-eabi/7.3.1/../../../../arm-none-eabi/lib/thumb/v6-m\libc_nano.a(lib_a-nano-freer.o)
 .debug_frame   0x0000000000002434       0x2c c:/st/stm32cubeide_1.1.0/stm32cubeide/plugins/com.st.stm32cube.ide.mcu.externaltools.gnu-tools-for-stm32.7-2018-q2-update.win32_1.0.0.201904181610/tools/bin/../lib/gcc/arm-none-eabi/7.3.1/../../../../arm-none-eabi/lib/thumb/v6-m\libc_nano.a(lib_a-nano-mallocr.o)
 .debug_frame   0x0000000000002460       0x30 c:/st/stm32cubeide_1.1.0/stm32cubeide/plugins/com.st.stm32cube.ide.mcu.externaltools.gnu-tools-for-stm32.7-2018-q2-update.win32_1.0.0.201904181610/tools/bin/../lib/gcc/arm-none-eabi/7.3.1/../../../../arm-none-eabi/lib/thumb/v6-m\libc_nano.a(lib_a-nano-reallocr.o)
 .debug_frame   0x0000000000002490       0x2c c:/st/stm32cubeide_1.1.0/stm32cubeide/plugins/com.st.stm32cube.ide.mcu.externaltools.gnu-tools-for-stm32.7-2018-q2-update.win32_1.0.0.201904181610/tools/bin/../lib/gcc/arm-none-eabi/7.3.1/../../../../arm-none-eabi/lib/thumb/v6-m\libc_nano.a(lib_a-sbrkr.o)
 .debug_frame   0x00000000000024bc       0x30 c:/st/stm32cubeide_1.1.0/stm32cubeide/plugins/com.st.stm32cube.ide.mcu.externaltools.gnu-tools-for-stm32.7-2018-q2-update.win32_1.0.0.201904181610/tools/bin/../lib/gcc/arm-none-eabi/7.3.1/../../../../arm-none-eabi/lib/thumb/v6-m\libc_nano.a(lib_a-mlock.o)
 .debug_frame   0x00000000000024ec       0x20 c:/st/stm32cubeide_1.1.0/stm32cubeide/plugins/com.st.stm32cube.ide.mcu.externaltools.gnu-tools-for-stm32.7-2018-q2-update.win32_1.0.0.201904181610/tools/bin/../lib/gcc/arm-none-eabi/7.3.1/../../../../arm-none-eabi/lib/thumb/v6-m\libc_nano.a(lib_a-nano-msizer.o)
 .debug_frame   0x000000000000250c       0x48 c:/st/stm32cubeide_1.1.0/stm32cubeide/plugins/com.st.stm32cube.ide.mcu.externaltools.gnu-tools-for-stm32.7-2018-q2-update.win32_1.0.0.201904181610/tools/bin/../lib/gcc/arm-none-eabi/7.3.1/../../../../arm-none-eabi/lib/thumb/v6-m\libc_nano.a(lib_a-reent.o)
 .debug_frame   0x0000000000002554       0x20 c:/st/stm32cubeide_1.1.0/stm32cubeide/plugins/com.st.stm32cube.ide.mcu.externaltools.gnu-tools-for-stm32.7-2018-q2-update.win32_1.0.0.201904181610/tools/bin/../lib/gcc/arm-none-eabi/7.3.1/thumb/v6-m\libgcc.a(_udivsi3.o)
 .debug_frame   0x0000000000002574       0x20 c:/st/stm32cubeide_1.1.0/stm32cubeide/plugins/com.st.stm32cube.ide.mcu.externaltools.gnu-tools-for-stm32.7-2018-q2-update.win32_1.0.0.201904181610/tools/bin/../lib/gcc/arm-none-eabi/7.3.1/thumb/v6-m\libgcc.a(_divsi3.o)
 .debug_frame   0x0000000000002594       0x38 c:/st/stm32cubeide_1.1.0/stm32cubeide/plugins/com.st.stm32cube.ide.mcu.externaltools.gnu-tools-for-stm32.7-2018-q2-update.win32_1.0.0.201904181610/tools/bin/../lib/gcc/arm-none-eabi/7.3.1/thumb/v6-m\libgcc.a(addsf3.o)
 .debug_frame   0x00000000000025cc       0x3c c:/st/stm32cubeide_1.1.0/stm32cubeide/plugins/com.st.stm32cube.ide.mcu.externaltools.gnu-tools-for-stm32.7-2018-q2-update.win32_1.0.0.201904181610/tools/bin/../lib/gcc/arm-none-eabi/7.3.1/thumb/v6-m\libgcc.a(mulsf3.o)
 .debug_frame   0x0000000000002608       0x38 c:/st/stm32cubeide_1.1.0/stm32cubeide/plugins/com.st.stm32cube.ide.mcu.externaltools.gnu-tools-for-stm32.7-2018-q2-update.win32_1.0.0.201904181610/tools/bin/../lib/gcc/arm-none-eabi/7.3.1/thumb/v6-m\libgcc.a(subsf3.o)
 .debug_frame   0x0000000000002640       0x20 c:/st/stm32cubeide_1.1.0/stm32cubeide/plugins/com.st.stm32cube.ide.mcu.externaltools.gnu-tools-for-stm32.7-2018-q2-update.win32_1.0.0.201904181610/tools/bin/../lib/gcc/arm-none-eabi/7.3.1/thumb/v6-m\libgcc.a(fixsfsi.o)
 .debug_frame   0x0000000000002660       0x38 c:/st/stm32cubeide_1.1.0/stm32cubeide/plugins/com.st.stm32cube.ide.mcu.externaltools.gnu-tools-for-stm32.7-2018-q2-update.win32_1.0.0.201904181610/tools/bin/../lib/gcc/arm-none-eabi/7.3.1/thumb/v6-m\libgcc.a(eqdf2.o)
 .debug_frame   0x0000000000002698       0x38 c:/st/stm32cubeide_1.1.0/stm32cubeide/plugins/com.st.stm32cube.ide.mcu.externaltools.gnu-tools-for-stm32.7-2018-q2-update.win32_1.0.0.201904181610/tools/bin/../lib/gcc/arm-none-eabi/7.3.1/thumb/v6-m\libgcc.a(gedf2.o)
 .debug_frame   0x00000000000026d0       0x38 c:/st/stm32cubeide_1.1.0/stm32cubeide/plugins/com.st.stm32cube.ide.mcu.externaltools.gnu-tools-for-stm32.7-2018-q2-update.win32_1.0.0.201904181610/tools/bin/../lib/gcc/arm-none-eabi/7.3.1/thumb/v6-m\libgcc.a(ledf2.o)
 .debug_frame   0x0000000000002708       0x2c c:/st/stm32cubeide_1.1.0/stm32cubeide/plugins/com.st.stm32cube.ide.mcu.externaltools.gnu-tools-for-stm32.7-2018-q2-update.win32_1.0.0.201904181610/tools/bin/../lib/gcc/arm-none-eabi/7.3.1/thumb/v6-m\libgcc.a(fixdfsi.o)
 .debug_frame   0x0000000000002734       0x2c c:/st/stm32cubeide_1.1.0/stm32cubeide/plugins/com.st.stm32cube.ide.mcu.externaltools.gnu-tools-for-stm32.7-2018-q2-update.win32_1.0.0.201904181610/tools/bin/../lib/gcc/arm-none-eabi/7.3.1/thumb/v6-m\libgcc.a(floatsidf.o)